Component: Arm Compiler for Embedded 6.22 Tool: armlink [5ee90200]

==============================================================================

Section Cross References

    main.o(.text.main) refers to lq_clock.o(.text.LQ_System_Init) for LQ_System_Init
    main.o(.text.main) refers to lq_utils.o(.text.delay_ms) for delay_ms
    main.o(.ARM.exidx.text.main) refers to main.o(.text.main) for [Anonymous Symbol]
    startup_mspm0g350x_uvision.o(RESET) refers to startup_mspm0g350x_uvision.o(STACK) for __initial_sp
    startup_mspm0g350x_uvision.o(RESET) refers to startup_mspm0g350x_uvision.o(.text) for Reset_Handler
    startup_mspm0g350x_uvision.o(RESET) refers to lq_isr.o(.text.GROUP0_IRQHandler) for GROUP0_IRQHandler
    startup_mspm0g350x_uvision.o(RESET) refers to lq_isr.o(.text.GROUP1_IRQHandler) for GROUP1_IRQHandler
    startup_mspm0g350x_uvision.o(RESET) refers to lq_isr.o(.text.TIMG8_IRQHandler) for TIMG8_IRQHandler
    startup_mspm0g350x_uvision.o(RESET) refers to lq_isr.o(.text.UART3_IRQHandler) for UART3_IRQHandler
    startup_mspm0g350x_uvision.o(RESET) refers to lq_isr.o(.text.ADC0_IRQHandler) for ADC0_IRQHandler
    startup_mspm0g350x_uvision.o(RESET) refers to lq_isr.o(.text.ADC1_IRQHandler) for ADC1_IRQHandler
    startup_mspm0g350x_uvision.o(RESET) refers to lq_isr.o(.text.UART1_IRQHandler) for UART1_IRQHandler
    startup_mspm0g350x_uvision.o(RESET) refers to lq_isr.o(.text.UART2_IRQHandler) for UART2_IRQHandler
    startup_mspm0g350x_uvision.o(RESET) refers to lq_isr.o(.text.UART0_IRQHandler) for UART0_IRQHandler
    startup_mspm0g350x_uvision.o(RESET) refers to lq_isr.o(.text.TIMG0_IRQHandler) for TIMG0_IRQHandler
    startup_mspm0g350x_uvision.o(RESET) refers to lq_isr.o(.text.TIMG6_IRQHandler) for TIMG6_IRQHandler
    startup_mspm0g350x_uvision.o(RESET) refers to lq_isr.o(.text.TIMA0_IRQHandler) for TIMA0_IRQHandler
    startup_mspm0g350x_uvision.o(RESET) refers to lq_isr.o(.text.TIMA1_IRQHandler) for TIMA1_IRQHandler
    startup_mspm0g350x_uvision.o(RESET) refers to lq_isr.o(.text.TIMG7_IRQHandler) for TIMG7_IRQHandler
    startup_mspm0g350x_uvision.o(RESET) refers to lq_isr.o(.text.TIMG12_IRQHandler) for TIMG12_IRQHandler
    startup_mspm0g350x_uvision.o(RESET) refers to lq_isr.o(.text.DMA_IRQHandler) for DMA_IRQHandler
    startup_mspm0g350x_uvision.o(.text) refers to entry.o(.ARM.Collect$$$$00000000) for __main
    dl_sysctl_mspm0g1x0x_g3x0x.o(.ARM.exidx.text.DL_SYSCTL_configSYSPLL) refers to dl_sysctl_mspm0g1x0x_g3x0x.o(.text.DL_SYSCTL_configSYSPLL) for [Anonymous Symbol]
    dl_sysctl_mspm0g1x0x_g3x0x.o(.ARM.exidx.text.DL_SYSCTL_setLFCLKSourceLFXT) refers to dl_sysctl_mspm0g1x0x_g3x0x.o(.text.DL_SYSCTL_setLFCLKSourceLFXT) for [Anonymous Symbol]
    dl_sysctl_mspm0g1x0x_g3x0x.o(.ARM.exidx.text.DL_SYSCTL_switchMCLKfromSYSOSCtoLFCLK) refers to dl_sysctl_mspm0g1x0x_g3x0x.o(.text.DL_SYSCTL_switchMCLKfromSYSOSCtoLFCLK) for [Anonymous Symbol]
    dl_sysctl_mspm0g1x0x_g3x0x.o(.ARM.exidx.text.DL_SYSCTL_switchMCLKfromLFCLKtoSYSOSC) refers to dl_sysctl_mspm0g1x0x_g3x0x.o(.text.DL_SYSCTL_switchMCLKfromLFCLKtoSYSOSC) for [Anonymous Symbol]
    dl_sysctl_mspm0g1x0x_g3x0x.o(.ARM.exidx.text.DL_SYSCTL_switchMCLKfromSYSOSCtoHSCLK) refers to dl_sysctl_mspm0g1x0x_g3x0x.o(.text.DL_SYSCTL_switchMCLKfromSYSOSCtoHSCLK) for [Anonymous Symbol]
    dl_sysctl_mspm0g1x0x_g3x0x.o(.ARM.exidx.text.DL_SYSCTL_switchMCLKfromHSCLKtoSYSOSC) refers to dl_sysctl_mspm0g1x0x_g3x0x.o(.text.DL_SYSCTL_switchMCLKfromHSCLKtoSYSOSC) for [Anonymous Symbol]
    dl_sysctl_mspm0g1x0x_g3x0x.o(.ARM.exidx.text.DL_SYSCTL_setHFCLKSourceHFXT) refers to dl_sysctl_mspm0g1x0x_g3x0x.o(.text.DL_SYSCTL_setHFCLKSourceHFXT) for [Anonymous Symbol]
    dl_sysctl_mspm0g1x0x_g3x0x.o(.ARM.exidx.text.DL_SYSCTL_setHFCLKSourceHFXTParams) refers to dl_sysctl_mspm0g1x0x_g3x0x.o(.text.DL_SYSCTL_setHFCLKSourceHFXTParams) for [Anonymous Symbol]
    dl_sysctl_mspm0g1x0x_g3x0x.o(.ARM.exidx.text.DL_SYSCTL_configFCC) refers to dl_sysctl_mspm0g1x0x_g3x0x.o(.text.DL_SYSCTL_configFCC) for [Anonymous Symbol]
    dl_sysctl_mspm0g1x0x_g3x0x.o(.ARM.exidx.text.DL_SYSCTL_getPowerPolicyRUNSLEEP) refers to dl_sysctl_mspm0g1x0x_g3x0x.o(.text.DL_SYSCTL_getPowerPolicyRUNSLEEP) for [Anonymous Symbol]
    dl_sysctl_mspm0g1x0x_g3x0x.o(.ARM.exidx.text.DL_SYSCTL_getPowerPolicySTOP) refers to dl_sysctl_mspm0g1x0x_g3x0x.o(.text.DL_SYSCTL_getPowerPolicySTOP) for [Anonymous Symbol]
    dl_sysctl_mspm0g1x0x_g3x0x.o(.ARM.exidx.text.DL_SYSCTL_getPowerPolicySTANDBY) refers to dl_sysctl_mspm0g1x0x_g3x0x.o(.text.DL_SYSCTL_getPowerPolicySTANDBY) for [Anonymous Symbol]
    lq_isr.o(.text.UART0_IRQHandler) refers to lq_uart.o(.bss.LQ_UART_IT_CallBack) for LQ_UART_IT_CallBack
    lq_isr.o(.ARM.exidx.text.UART0_IRQHandler) refers to lq_isr.o(.text.UART0_IRQHandler) for [Anonymous Symbol]
    lq_isr.o(.text.UART1_IRQHandler) refers to lq_uart.o(.bss.LQ_UART_IT_CallBack) for LQ_UART_IT_CallBack
[...]
    Removing dl_lfss.o(.text), (0 bytes).
    Removing dl_mathacl.o(.text), (0 bytes).
    Removing dl_mathacl.o(.text.DL_MathACL_configOperation), (40 bytes).
    Removing dl_mathacl.o(.ARM.exidx.text.DL_MathACL_configOperation), (8 bytes).
    Removing dl_mcan.o(.text), (0 bytes).
    Removing dl_mcan.o(.text.DL_MCAN_isReady), (20 bytes).
    Removing dl_mcan.o(.ARM.exidx.text.DL_MCAN_isReady), (8 bytes).
    Removing dl_mcan.o(.text.DL_MCAN_setClockConfig), (36 bytes).
    Removing dl_mcan.o(.ARM.exidx.text.DL_MCAN_setClockConfig), (8 bytes).
    Removing dl_mcan.o(.text.DL_MCAN_getClockConfig), (20 bytes).
    Removing dl_mcan.o(.ARM.exidx.text.DL_MCAN_getClockConfig), (8 bytes).
    Removing dl_mcan.o(.text.DL_MCAN_isInReset), (16 bytes).
    Removing dl_mcan.o(.ARM.exidx.text.DL_MCAN_isInReset), (8 bytes).
    Removing dl_mcan.o(.text.DL_MCAN_isFDOpEnable), (16 bytes).
    Removing dl_mcan.o(.ARM.exidx.text.DL_MCAN_isFDOpEnable), (8 bytes).
    Removing dl_mcan.o(.text.DL_MCAN_isMemInitDone), (16 bytes).
    Removing dl_mcan.o(.ARM.exidx.text.DL_MCAN_isMemInitDone), (8 bytes).
    Removing dl_mcan.o(.text.DL_MCAN_setOpMode), (24 bytes).
    Removing dl_mcan.o(.ARM.exidx.text.DL_MCAN_setOpMode), (8 bytes).
    Removing dl_mcan.o(.text.HW_WR_FIELD32_RAW), (14 bytes).
    Removing dl_mcan.o(.ARM.exidx.text.HW_WR_FIELD32_RAW), (8 bytes).
    Removing dl_mcan.o(.text.DL_MCAN_getOpMode), (16 bytes).
    Removing dl_mcan.o(.ARM.exidx.text.DL_MCAN_getOpMode), (8 bytes).
    Removing dl_mcan.o(.text.DL_MCAN_init), (240 bytes).
    Removing dl_mcan.o(.ARM.exidx.text.DL_MCAN_init), (8 bytes).
    Removing dl_mcan.o(.text.DL_MCAN_writeProtectedRegAccessUnlock), (24 bytes).
    Removing dl_mcan.o(.ARM.exidx.text.DL_MCAN_writeProtectedRegAccessUnlock), (8 bytes).
    Removing dl_mcan.o(.text.DL_MCAN_config), (232 bytes).
    Removing dl_mcan.o(.ARM.exidx.text.DL_MCAN_config), (8 bytes).
    Removing dl_mcan.o(.text.DL_MCAN_eccConfig), (100 bytes).
    Removing dl_mcan.o(.ARM.exidx.text.DL_MCAN_eccConfig), (8 bytes).
    Removing dl_mcan.o(.text.DL_MCAN_eccLoadRegister), (28 bytes).
    Removing dl_mcan.o(.ARM.exidx.text.DL_MCAN_eccLoadRegister), (8 bytes).
    Removing dl_mcan.o(.text.DL_MCAN_setBitTime), (208 bytes).
    Removing dl_mcan.o(.ARM.exidx.text.DL_MCAN_setBitTime), (8 bytes).
    Removing dl_mcan.o(.text.DL_MCAN_msgRAMConfig), (496 bytes).
    Removing dl_mcan.o(.ARM.exidx.text.DL_MCAN_msgRAMConfig), (8 bytes).
    Removing dl_mcan.o(.text.DL_MCAN_setExtIDAndMask), (68 bytes).
    Removing dl_mcan.o(.ARM.exidx.text.DL_MCAN_setExtIDAndMask), (8 bytes).
    Removing dl_mcan.o(.text.DL_MCAN_writeMsgRam), (208 bytes).
    Removing dl_mcan.o(.ARM.exidx.text.DL_MCAN_writeMsgRam), (8 bytes).
    Removing dl_mcan.o(.text.DL_MCAN_TXBufAddReq), (52 bytes).
    Removing dl_mcan.o(.ARM.exidx.text.DL_MCAN_TXBufAddReq), (8 bytes).
    Removing dl_mcan.o(.text.DL_MCAN_getNewDataStatus), (20 bytes).
    Removing dl_mcan.o(.ARM.exidx.text.DL_MCAN_getNewDataStatus), (8 bytes).
    Removing dl_mcan.o(.text.DL_MCAN_clearNewDataStatus), (20 bytes).
    Removing dl_mcan.o(.ARM.exidx.text.DL_MCAN_clearNewDataStatus), (8 bytes).
    Removing dl_mcan.o(.text.DL_MCAN_readMsgRam), (220 bytes).
    Removing dl_mcan.o(.ARM.exidx.text.DL_MCAN_readMsgRam), (8 bytes).
    Removing dl_mcan.o(.text.DL_MCAN_readTxEventFIFO), (96 bytes).
    Removing dl_mcan.o(.ARM.exidx.text.DL_MCAN_readTxEventFIFO), (8 bytes).
    Removing dl_mcan.o(.text.DL_MCAN_addStdMsgIDFilter), (44 bytes).
    Removing dl_mcan.o(.ARM.exidx.text.DL_MCAN_addStdMsgIDFilter), (8 bytes).
    Removing dl_mcan.o(.text.DL_MCAN_addExtMsgIDFilter), (44 bytes).
    Removing dl_mcan.o(.ARM.exidx.text.DL_MCAN_addExtMsgIDFilter), (8 bytes).
    Removing dl_mcan.o(.text.DL_MCAN_lpbkModeEnable), (124 bytes).
    Removing dl_mcan.o(.ARM.exidx.text.DL_MCAN_lpbkModeEnable), (8 bytes).
    Removing dl_mcan.o(.text.DL_MCAN_getErrCounters), (40 bytes).
    Removing dl_mcan.o(.ARM.exidx.text.DL_MCAN_getErrCounters), (8 bytes).
    Removing dl_mcan.o(.text.DL_MCAN_getProtocolStatus), (76 bytes).
    Removing dl_mcan.o(.ARM.exidx.text.DL_MCAN_getProtocolStatus), (8 bytes).
    Removing dl_mcan.o(.text.DL_MCAN_enableIntr), (24 bytes).
    Removing dl_mcan.o(.ARM.exidx.text.DL_MCAN_enableIntr), (8 bytes).
    Removing dl_mcan.o(.text.DL_MCAN_selectIntrLine), (24 bytes).
    Removing dl_mcan.o(.ARM.exidx.text.DL_MCAN_selectIntrLine), (8 bytes).
    Removing dl_mcan.o(.text.DL_MCAN_getIntrLineSelectStatus), (12 bytes).
    Removing dl_mcan.o(.ARM.exidx.text.DL_MCAN_getIntrLineSelectStatus), (8 bytes).
    Removing dl_mcan.o(.text.DL_MCAN_enableIntrLine), (28 bytes).
    Removing dl_mcan.o(.ARM.exidx.text.DL_MCAN_enableIntrLine), (8 bytes).
    Removing dl_mcan.o(.text.DL_MCAN_getIntrStatus), (12 bytes).
    Removing dl_mcan.o(.ARM.exidx.text.DL_MCAN_getIntrStatus), (8 bytes).
    Removing dl_mcan.o(.text.DL_MCAN_clearIntrStatus), (20 bytes).
    Removing dl_mcan.o(.ARM.exidx.text.DL_MCAN_clearIntrStatus), (8 bytes).
    Removing dl_mcan.o(.text.DL_MCAN_getHighPriorityMsgStatus), (44 bytes).
    Removing dl_mcan.o(.ARM.exidx.text.DL_MCAN_getHighPriorityMsgStatus), (8 bytes).
    Removing dl_mcan.o(.text.DL_MCAN_getRxFIFOStatus), (56 bytes).
    Removing dl_mcan.o(.ARM.exidx.text.DL_MCAN_getRxFIFOStatus), (8 bytes).
    Removing dl_mcan.o(.text.DL_MCAN_writeRxFIFOAck), (72 bytes).
    Removing dl_mcan.o(.ARM.exidx.text.DL_MCAN_writeRxFIFOAck), (8 bytes).
    Removing dl_mcan.o(.text.DL_MCAN_getTxFIFOQueStatus), (36 bytes).
    Removing dl_mcan.o(.ARM.exidx.text.DL_MCAN_getTxFIFOQueStatus), (8 bytes).
    Removing dl_mcan.o(.text.DL_MCAN_getTxBufReqPend), (12 bytes).
    Removing dl_mcan.o(.ARM.exidx.text.DL_MCAN_getTxBufReqPend), (8 bytes).
    Removing dl_mcan.o(.text.DL_MCAN_txBufCancellationReq), (52 bytes).
    Removing dl_mcan.o(.ARM.exidx.text.DL_MCAN_txBufCancellationReq), (8 bytes).
    Removing dl_mcan.o(.text.DL_MCAN_getTxBufTransmissionStatus), (12 bytes).
    Removing dl_mcan.o(.ARM.exidx.text.DL_MCAN_getTxBufTransmissionStatus), (8 bytes).
    Removing dl_mcan.o(.text.DL_MCAN_txBufCancellationStatus), (12 bytes).
    Removing dl_mcan.o(.ARM.exidx.text.DL_MCAN_txBufCancellationStatus), (8 bytes).
    Removing dl_mcan.o(.text.DL_MCAN_TXBufTransIntrEnable), (40 bytes).
    Removing dl_mcan.o(.ARM.exidx.text.DL_MCAN_TXBufTransIntrEnable), (8 bytes).
    Removing dl_mcan.o(.text.DL_MCAN_getTxBufCancellationIntrEnable), (40 bytes).
    Removing dl_mcan.o(.ARM.exidx.text.DL_MCAN_getTxBufCancellationIntrEnable), (8 bytes).
    Removing dl_mcan.o(.text.DL_MCAN_getTxEventFIFOStatus), (44 bytes).
    Removing dl_mcan.o(.ARM.exidx.text.DL_MCAN_getTxEventFIFOStatus), (8 bytes).
    Removing dl_mcan.o(.text.DL_MCAN_addClockStopRequest), (36 bytes).
    Removing dl_mcan.o(.ARM.exidx.text.DL_MCAN_addClockStopRequest), (8 bytes).
    Removing dl_mcan.o(.text.DL_MCAN_writeTxEventFIFOAck), (48 bytes).
    Removing dl_mcan.o(.ARM.exidx.text.DL_MCAN_writeTxEventFIFOAck), (8 bytes).
    Removing dl_mcan.o(.text.DL_MCAN_eccForceError), (112 bytes).
    Removing dl_mcan.o(.ARM.exidx.text.DL_MCAN_eccForceError), (8 bytes).
    Removing dl_mcan.o(.text.DL_MCAN_eccGetErrorStatus), (52 bytes).
    Removing dl_mcan.o(.ARM.exidx.text.DL_MCAN_eccGetErrorStatus), (8 bytes).
    Removing dl_mcan.o(.text.DL_MCAN_eccClearErrorStatus), (60 bytes).
    Removing dl_mcan.o(.ARM.exidx.text.DL_MCAN_eccClearErrorStatus), (8 bytes).
    Removing dl_mcan.o(.text.DL_MCAN_eccWriteEOI), (40 bytes).
    Removing dl_mcan.o(.ARM.exidx.text.DL_MCAN_eccWriteEOI), (8 bytes).
    Removing dl_mcan.o(.text.DL_MCAN_eccEnableIntr), (52 bytes).
    Removing dl_mcan.o(.ARM.exidx.text.DL_MCAN_eccEnableIntr), (8 bytes).
    Removing dl_mcan.o(.text.DL_MCAN_eccGetIntrStatus), (36 bytes).
    Removing dl_mcan.o(.ARM.exidx.text.DL_MCAN_eccGetIntrStatus), (8 bytes).
    Removing dl_mcan.o(.text.DL_MCAN_eccClearIntrStatus), (40 bytes).
    Removing dl_mcan.o(.ARM.exidx.text.DL_MCAN_eccClearIntrStatus), (8 bytes).
    Removing dl_mcan.o(.text.DL_MCAN_extTSCounterConfig), (28 bytes).
    Removing dl_mcan.o(.ARM.exidx.text.DL_MCAN_extTSCounterConfig), (8 bytes).
    Removing dl_mcan.o(.text.DL_MCAN_extTSCounterEnable), (24 bytes).
    Removing dl_mcan.o(.ARM.exidx.text.DL_MCAN_extTSCounterEnable), (8 bytes).
    Removing dl_mcan.o(.text.DL_MCAN_extTSEnableIntr), (24 bytes).
    Removing dl_mcan.o(.ARM.exidx.text.DL_MCAN_extTSEnableIntr), (8 bytes).
    Removing dl_mcan.o(.text.DL_MCAN_extTSWriteEOI), (20 bytes).
    Removing dl_mcan.o(.ARM.exidx.text.DL_MCAN_extTSWriteEOI), (8 bytes).
    Removing dl_mcan.o(.text.DL_MCAN_extTSGetUnservicedIntrCount), (16 bytes).
    Removing dl_mcan.o(.ARM.exidx.text.DL_MCAN_extTSGetUnservicedIntrCount), (8 bytes).
    Removing dl_mcan.o(.text.DL_MCAN_getRevisionId), (68 bytes).
    Removing dl_mcan.o(.ARM.exidx.text.DL_MCAN_getRevisionId), (8 bytes).
    Removing dl_mcan.o(.text.DL_MCAN_getClockStopAck), (16 bytes).
    Removing dl_mcan.o(.ARM.exidx.text.DL_MCAN_getClockStopAck), (8 bytes).
    Removing dl_mcan.o(.text.DL_MCAN_extTSSetRawStatus), (16 bytes).
    Removing dl_mcan.o(.ARM.exidx.text.DL_MCAN_extTSSetRawStatus), (8 bytes).
    Removing dl_mcan.o(.text.DL_MCAN_extTSClearRawStatus), (16 bytes).
    Removing dl_mcan.o(.ARM.exidx.text.DL_MCAN_extTSClearRawStatus), (8 bytes).
    Removing dl_mcan.o(.text.DL_MCAN_getRxPinState), (16 bytes).
    Removing dl_mcan.o(.ARM.exidx.text.DL_MCAN_getRxPinState), (8 bytes).
    Removing dl_mcan.o(.text.DL_MCAN_setTxPinState), (52 bytes).
    Removing dl_mcan.o(.ARM.exidx.text.DL_MCAN_setTxPinState), (8 bytes).
    Removing dl_mcan.o(.text.DL_MCAN_getTxPinState), (16 bytes).
    Removing dl_mcan.o(.ARM.exidx.text.DL_MCAN_getTxPinState), (8 bytes).
    Removing dl_mcan.o(.text.DL_MCAN_getTSCounterVal), (12 bytes).
    Removing dl_mcan.o(.ARM.exidx.text.DL_MCAN_getTSCounterVal), (8 bytes).
    Removing dl_mcan.o(.text.DL_MCAN_getClkStopAck), (16 bytes).
    Removing dl_mcan.o(.ARM.exidx.text.DL_MCAN_getClkStopAck), (8 bytes).
    Removing dl_mcan.o(.text.DL_MCAN_getBitTime), (76 bytes).
    Removing dl_mcan.o(.ARM.exidx.text.DL_MCAN_getBitTime), (8 bytes).
    Removing dl_mcan.o(.text.DL_MCAN_resetTSCounter), (20 bytes).
    Removing dl_mcan.o(.ARM.exidx.text.DL_MCAN_resetTSCounter), (8 bytes).
    Removing dl_mcan.o(.text.DL_MCAN_getTOCounterVal), (12 bytes).
    Removing dl_mcan.o(.ARM.exidx.text.DL_MCAN_getTOCounterVal), (8 bytes).
    Removing dl_mcan.o(.text.DL_MCAN_eccAggrGetRevisionId), (32 bytes).
    Removing dl_mcan.o(.ARM.exidx.text.DL_MCAN_eccAggrGetRevisionId), (8 bytes).
    Removing dl_mcan.o(.text.DL_MCAN_eccWrapGetRevisionId), (44 bytes).
    Removing dl_mcan.o(.ARM.exidx.text.DL_MCAN_eccWrapGetRevisionId), (8 bytes).
    Removing dl_mcan.o(.text.DL_MCAN_extTSIsIntrEnable), (16 bytes).
    Removing dl_mcan.o(.ARM.exidx.text.DL_MCAN_extTSIsIntrEnable), (8 bytes).
    Removing dl_mcan.o(.text.DL_MCAN_getEndianVal), (12 bytes).
    Removing dl_mcan.o(.ARM.exidx.text.DL_MCAN_getEndianVal), (8 bytes).
    Removing dl_mcan.o(.text.DL_MCAN_getExtIDANDMask), (16 bytes).
    Removing dl_mcan.o(.ARM.exidx.text.DL_MCAN_getExtIDANDMask), (8 bytes).
    Removing dl_mcan.o(.text.DL_MCAN_saveConfiguration), (300 bytes).
    Removing dl_mcan.o(.ARM.exidx.text.DL_MCAN_saveConfiguration), (8 bytes).
    Removing dl_mcan.o(.text.DL_MCAN_restoreConfiguration), (348 bytes).
    Removing dl_mcan.o(.ARM.exidx.text.DL_MCAN_restoreConfiguration), (8 bytes).
    Removing dl_mcan.o(.rodata..L__const.DL_MCAN_getDataSize.dataSize), (64 bytes).
    Removing dl_mcan.o(.rodata.cst32), (32 bytes).
    Removing dl_opa.o(.text), (0 bytes).
    Removing dl_opa.o(.text.DL_OPA_increaseGain), (52 bytes).
    Removing dl_opa.o(.ARM.exidx.text.DL_OPA_increaseGain), (8 bytes).
    Removing dl_opa.o(.text.DL_OPA_decreaseGain), (48 bytes).
    Removing dl_opa.o(.ARM.exidx.text.DL_OPA_decreaseGain), (8 bytes).
    Removing dl_rtc.o(.text), (0 bytes).
    Removing dl_rtc_a.o(.text), (0 bytes).
    Removing dl_rtc_b.o(.text), (0 bytes).
    Removing dl_rtc_common.o(.text), (0 bytes).
    Removing dl_rtc_common.o(.text.DL_RTC_Common_initCalendar), (156 bytes).
    Removing dl_rtc_common.o(.ARM.exidx.text.DL_RTC_Common_initCalendar), (8 bytes).
    Removing dl_rtc_common.o(.text.DL_RTC_Common_getCalendarTime), (132 bytes).
    Removing dl_rtc_common.o(.ARM.exidx.text.DL_RTC_Common_getCalendarTime), (8 bytes).
    Removing dl_rtc_common.o(.text.DL_RTC_Common_setCalendarAlarm1), (100 bytes).
    Removing dl_rtc_common.o(.ARM.exidx.text.DL_RTC_Common_setCalendarAlarm1), (8 bytes).
    Removing dl_rtc_common.o(.text.DL_RTC_Common_getCalendarAlarm1), (88 bytes).
    Removing dl_rtc_common.o(.ARM.exidx.text.DL_RTC_Common_getCalendarAlarm1), (8 bytes).
    Removing dl_rtc_common.o(.text.DL_RTC_Common_enableCalendarAlarm1), (68 bytes).
    Removing dl_rtc_common.o(.ARM.exidx.text.DL_RTC_Common_enableCalendarAlarm1), (8 bytes).
    Removing dl_rtc_common.o(.text.DL_RTC_Common_disableCalendarAlarm1), (76 bytes).
    Removing dl_rtc_common.o(.ARM.exidx.text.DL_RTC_Common_disableCalendarAlarm1), (8 bytes).
    Removing dl_rtc_common.o(.text.DL_RTC_Common_setCalendarAlarm2), (100 bytes).
    Removing dl_rtc_common.o(.ARM.exidx.text.DL_RTC_Common_setCalendarAlarm2), (8 bytes).
    Removing dl_rtc_common.o(.text.DL_RTC_Common_getCalendarAlarm2), (88 bytes).
    Removing dl_rtc_common.o(.ARM.exidx.text.DL_RTC_Common_getCalendarAlarm2), (8 bytes).
    Removing dl_rtc_common.o(.text.DL_RTC_Common_enableCalendarAlarm2), (68 bytes).
    Removing dl_rtc_common.o(.ARM.exidx.text.DL_RTC_Common_enableCalendarAlarm2), (8 bytes).
    Removing dl_rtc_common.o(.text.DL_RTC_Common_disableCalendarAlarm2), (76 bytes).
    Removing dl_rtc_common.o(.ARM.exidx.text.DL_RTC_Common_disableCalendarAlarm2), (8 bytes).
    Removing dl_scratchpad.o(.text), (0 bytes).
    Removing dl_spi.o(.text), (0 bytes).
    Removing dl_spi.o(.text.DL_SPI_init), (68 bytes).
    Removing dl_spi.o(.ARM.exidx.text.DL_SPI_init), (8 bytes).
    Removing dl_spi.o(.text.DL_SPI_setClockConfig), (18 bytes).
    Removing dl_spi.o(.ARM.exidx.text.DL_SPI_setClockConfig), (8 bytes).
    Removing dl_spi.o(.text.DL_SPI_getClockConfig), (16 bytes).
    Removing dl_spi.o(.ARM.exidx.text.DL_SPI_getClockConfig), (8 bytes).
    Removing dl_spi.o(.text.DL_SPI_receiveDataBlocking8), (28 bytes).
    Removing dl_spi.o(.ARM.exidx.text.DL_SPI_receiveDataBlocking8), (8 bytes).
    Removing dl_spi.o(.text.DL_SPI_receiveDataBlocking16), (28 bytes).
    Removing dl_spi.o(.ARM.exidx.text.DL_SPI_receiveDataBlocking16), (8 bytes).
    Removing dl_spi.o(.text.DL_SPI_receiveDataBlocking32), (28 bytes).
    Removing dl_spi.o(.ARM.exidx.text.DL_SPI_receiveDataBlocking32), (8 bytes).
    Removing dl_spi.o(.text.DL_SPI_transmitDataBlocking8), (24 bytes).
    Removing dl_spi.o(.ARM.exidx.text.DL_SPI_transmitDataBlocking8), (8 bytes).
    Removing dl_spi.o(.text.DL_SPI_transmitDataBlocking16), (24 bytes).
    Removing dl_spi.o(.ARM.exidx.text.DL_SPI_transmitDataBlocking16), (8 bytes).
    Removing dl_spi.o(.text.DL_SPI_transmitDataBlocking32), (24 bytes).
    Removing dl_spi.o(.ARM.exidx.text.DL_SPI_transmitDataBlocking32), (8 bytes).
    Removing dl_spi.o(.text.DL_SPI_receiveDataCheck8), (32 bytes).
    Removing dl_spi.o(.ARM.exidx.text.DL_SPI_receiveDataCheck8), (8 bytes).
    Removing dl_spi.o(.text.DL_SPI_receiveDataCheck16), (32 bytes).
    Removing dl_spi.o(.ARM.exidx.text.DL_SPI_receiveDataCheck16), (8 bytes).
    Removing dl_spi.o(.text.DL_SPI_receiveDataCheck32), (32 bytes).
    Removing dl_spi.o(.ARM.exidx.text.DL_SPI_receiveDataCheck32), (8 bytes).
    Removing dl_spi.o(.text.DL_SPI_transmitDataCheck8), (32 bytes).
    Removing dl_spi.o(.ARM.exidx.text.DL_SPI_transmitDataCheck8), (8 bytes).
    Removing dl_spi.o(.text.DL_SPI_transmitDataCheck16), (32 bytes).
    Removing dl_spi.o(.ARM.exidx.text.DL_SPI_transmitDataCheck16), (8 bytes).
    Removing dl_spi.o(.text.DL_SPI_transmitDataCheck32), (32 bytes).
    Removing dl_spi.o(.ARM.exidx.text.DL_SPI_transmitDataCheck32), (8 bytes).
    Removing dl_spi.o(.text.DL_SPI_drainRXFIFO8), (44 bytes).
    Removing dl_spi.o(.ARM.exidx.text.DL_SPI_drainRXFIFO8), (8 bytes).
    Removing dl_spi.o(.text.DL_SPI_drainRXFIFO16), (48 bytes).
    Removing dl_spi.o(.ARM.exidx.text.DL_SPI_drainRXFIFO16), (8 bytes).
    Removing dl_spi.o(.text.DL_SPI_drainRXFIFO32), (44 bytes).
    Removing dl_spi.o(.ARM.exidx.text.DL_SPI_drainRXFIFO32), (8 bytes).
    Removing dl_spi.o(.text.DL_SPI_fillTXFIFO8), (44 bytes).
    Removing dl_spi.o(.ARM.exidx.text.DL_SPI_fillTXFIFO8), (8 bytes).
    Removing dl_spi.o(.text.DL_SPI_fillTXFIFO16), (44 bytes).
    Removing dl_spi.o(.ARM.exidx.text.DL_SPI_fillTXFIFO16), (8 bytes).
    Removing dl_spi.o(.text.DL_SPI_saveConfiguration), (100 bytes).
    Removing dl_spi.o(.ARM.exidx.text.DL_SPI_saveConfiguration), (8 bytes).
    Removing dl_spi.o(.text.DL_SPI_restoreConfiguration), (124 bytes).
    Removing dl_spi.o(.ARM.exidx.text.DL_SPI_restoreConfiguration), (8 bytes).
    Removing dl_spi.o(.text.DL_SPI_fillTXFIFO32), (44 bytes).
    Removing dl_spi.o(.ARM.exidx.text.DL_SPI_fillTXFIFO32), (8 bytes).
    Removing dl_tamperio.o(.text), (0 bytes).
    Removing dl_timer.o(.text), (0 bytes).
    Removing dl_timer.o(.text.DL_Timer_setClockConfig), (28 bytes).
    Removing dl_timer.o(.ARM.exidx.text.DL_Timer_setClockConfig), (8 bytes).
    Removing dl_timer.o(.text.DL_Timer_getClockConfig), (28 bytes).
    Removing dl_timer.o(.ARM.exidx.text.DL_Timer_getClockConfig), (8 bytes).
    Removing dl_timer.o(.text.DL_Timer_initTimerMode), (112 bytes).
    Removing dl_timer.o(.ARM.exidx.text.DL_Timer_initTimerMode), (8 bytes).
    Removing dl_timer.o(.text.DL_Timer_setCaptureCompareValue), (16 bytes).
    Removing dl_timer.o(.ARM.exidx.text.DL_Timer_setCaptureCompareValue), (8 bytes).
    Removing dl_timer.o(.text.DL_Timer_setCaptureCompareCtl), (40 bytes).
    Removing dl_timer.o(.ARM.exidx.text.DL_Timer_setCaptureCompareCtl), (8 bytes).
    Removing dl_timer.o(.text.DL_Timer_initCaptureMode), (260 bytes).
    Removing dl_timer.o(.ARM.exidx.text.DL_Timer_initCaptureMode), (8 bytes).
    Removing dl_timer.o(.text.DL_Timer_getInChanConfig), (44 bytes).
    Removing dl_timer.o(.ARM.exidx.text.DL_Timer_getInChanConfig), (8 bytes).
    Removing dl_timer.o(.text.DL_Timer_setCaptureCompareInput), (26 bytes).
    Removing dl_timer.o(.ARM.exidx.text.DL_Timer_setCaptureCompareInput), (8 bytes).
    Removing dl_timer.o(.text.DL_Timer_initCaptureTriggerMode), (116 bytes).
    Removing dl_timer.o(.ARM.exidx.text.DL_Timer_initCaptureTriggerMode), (8 bytes).
    Removing dl_timer.o(.text.DL_Timer_initCaptureCombinedMode), (212 bytes).
    Removing dl_timer.o(.ARM.exidx.text.DL_Timer_initCaptureCombinedMode), (8 bytes).
    Removing dl_timer.o(.text.DL_Timer_initCompareMode), (148 bytes).
    Removing dl_timer.o(.ARM.exidx.text.DL_Timer_initCompareMode), (8 bytes).
    Removing dl_timer.o(.text.DL_Timer_initCompareTriggerMode), (108 bytes).
    Removing dl_timer.o(.ARM.exidx.text.DL_Timer_initCompareTriggerMode), (8 bytes).
    Removing dl_timer.o(.text.DL_Timer_getCaptureCompareValue), (16 bytes).
    Removing dl_timer.o(.ARM.exidx.text.DL_Timer_getCaptureCompareValue), (8 bytes).
    Removing dl_timer.o(.text.DL_Timer_getCaptureCompareCtl), (24 bytes).
    Removing dl_timer.o(.ARM.exidx.text.DL_Timer_getCaptureCompareCtl), (8 bytes).
    Removing dl_timer.o(.text.DL_Timer_setSecondCompSrcDn), (28 bytes).
    Removing dl_timer.o(.ARM.exidx.text.DL_Timer_setSecondCompSrcDn), (8 bytes).
    Removing dl_timer.o(.text.DL_Timer_getSecondCompSrcDn), (20 bytes).
    Removing dl_timer.o(.ARM.exidx.text.DL_Timer_getSecondCompSrcDn), (8 bytes).
    Removing dl_timer.o(.text.DL_Timer_setSecondCompSrcUp), (28 bytes).
    Removing dl_timer.o(.ARM.exidx.text.DL_Timer_setSecondCompSrcUp), (8 bytes).
    Removing dl_timer.o(.text.DL_Timer_getSecondCompSrcUp), (20 bytes).
    Removing dl_timer.o(.ARM.exidx.text.DL_Timer_getSecondCompSrcUp), (8 bytes).
    Removing dl_timer.o(.text.DL_Timer_setSecondCompActionDn), (28 bytes).
    Removing dl_timer.o(.ARM.exidx.text.DL_Timer_setSecondCompActionDn), (8 bytes).
    Removing dl_timer.o(.text.DL_Timer_getSecondCompActionDn), (20 bytes).
    Removing dl_timer.o(.ARM.exidx.text.DL_Timer_getSecondCompActionDn), (8 bytes).
    Removing dl_timer.o(.text.DL_Timer_setSecondCompActionUp), (28 bytes).
    Removing dl_timer.o(.ARM.exidx.text.DL_Timer_setSecondCompActionUp), (8 bytes).
    Removing dl_timer.o(.text.DL_Timer_getSecondCompActionUp), (20 bytes).
    Removing dl_timer.o(.ARM.exidx.text.DL_Timer_getSecondCompActionUp), (8 bytes).
    Removing dl_timer.o(.text.DL_Timer_enableSuppressionOfCompEvent), (24 bytes).
    Removing dl_timer.o(.ARM.exidx.text.DL_Timer_enableSuppressionOfCompEvent), (8 bytes).
    Removing dl_timer.o(.text.DL_Timer_disableSuppressionOfCompEvent), (24 bytes).
    Removing dl_timer.o(.ARM.exidx.text.DL_Timer_disableSuppressionOfCompEvent), (8 bytes).
    Removing dl_timer.o(.text.DL_Timer_setCaptCompUpdateMethod), (28 bytes).
    Removing dl_timer.o(.ARM.exidx.text.DL_Timer_setCaptCompUpdateMethod), (8 bytes).
    Removing dl_timer.o(.text.DL_Timer_getCaptCompUpdateMethod), (20 bytes).
    Removing dl_timer.o(.ARM.exidx.text.DL_Timer_getCaptCompUpdateMethod), (8 bytes).
    Removing dl_timer.o(.text.DL_Timer_setCaptCompActUpdateMethod), (28 bytes).
    Removing dl_timer.o(.ARM.exidx.text.DL_Timer_setCaptCompActUpdateMethod), (8 bytes).
    Removing dl_timer.o(.text.DL_Timer_getCaptCompActUpdateMethod), (20 bytes).
    Removing dl_timer.o(.ARM.exidx.text.DL_Timer_getCaptCompActUpdateMethod), (8 bytes).
    Removing dl_timer.o(.text.DL_Timer_setCaptureCompareOutCtl), (24 bytes).
    Removing dl_timer.o(.ARM.exidx.text.DL_Timer_setCaptureCompareOutCtl), (8 bytes).
    Removing dl_timer.o(.text.DL_Timer_getCaptureCompareOutCtl), (16 bytes).
    Removing dl_timer.o(.ARM.exidx.text.DL_Timer_getCaptureCompareOutCtl), (8 bytes).
    Removing dl_timer.o(.text.DL_Timer_setCaptureCompareAction), (36 bytes).
    Removing dl_timer.o(.ARM.exidx.text.DL_Timer_setCaptureCompareAction), (8 bytes).
    Removing dl_timer.o(.text.DL_Timer_getCaptureCompareAction), (24 bytes).
    Removing dl_timer.o(.ARM.exidx.text.DL_Timer_getCaptureCompareAction), (8 bytes).
    Removing dl_timer.o(.text.DL_Timer_overrideCCPOut), (32 bytes).
    Removing dl_timer.o(.ARM.exidx.text.DL_Timer_overrideCCPOut), (8 bytes).
    Removing dl_timer.o(.text.DL_Timer_getCaptureCompareInput), (16 bytes).
    Removing dl_timer.o(.ARM.exidx.text.DL_Timer_getCaptureCompareInput), (8 bytes).
    Removing dl_timer.o(.text.DL_Timer_setCaptureCompareInputFilter), (28 bytes).
    Removing dl_timer.o(.ARM.exidx.text.DL_Timer_setCaptureCompareInputFilter), (8 bytes).
    Removing dl_timer.o(.text.DL_Timer_getCaptureCompareInputFilter), (18 bytes).
    Removing dl_timer.o(.ARM.exidx.text.DL_Timer_getCaptureCompareInputFilter), (8 bytes).
    Removing dl_timer.o(.text.DL_Timer_enableCaptureCompareInputFilter), (20 bytes).
    Removing dl_timer.o(.ARM.exidx.text.DL_Timer_enableCaptureCompareInputFilter), (8 bytes).
    Removing dl_timer.o(.text.DL_Timer_disableCaptureCompareInputFilter), (20 bytes).
    Removing dl_timer.o(.ARM.exidx.text.DL_Timer_disableCaptureCompareInputFilter), (8 bytes).
    Removing dl_timer.o(.text.DL_Timer_isCaptureCompareInputFilterEnabled), (20 bytes).
    Removing dl_timer.o(.ARM.exidx.text.DL_Timer_isCaptureCompareInputFilterEnabled), (8 bytes).
    Removing dl_timer.o(.text.DL_Timer_saveConfiguration), (304 bytes).
    Removing dl_timer.o(.ARM.exidx.text.DL_Timer_saveConfiguration), (8 bytes).
    Removing dl_timer.o(.text.DL_Timer_restoreConfiguration), (308 bytes).
    Removing dl_timer.o(.ARM.exidx.text.DL_Timer_restoreConfiguration), (8 bytes).
    Removing dl_timer.o(.text.DL_Timer_initFourCCPWMMode), (284 bytes).
    Removing dl_timer.o(.ARM.exidx.text.DL_Timer_initFourCCPWMMode), (8 bytes).
    Removing dl_timer.o(.text.DL_Timer_setFaultSourceConfig), (44 bytes).
    Removing dl_timer.o(.ARM.exidx.text.DL_Timer_setFaultSourceConfig), (8 bytes).
    Removing dl_timer.o(.text.DL_Timer_getFaultSourceConfig), (32 bytes).
    Removing dl_timer.o(.ARM.exidx.text.DL_Timer_getFaultSourceConfig), (8 bytes).
    Removing dl_timer.o(.text.DL_TimerA_saveConfiguration), (344 bytes).
    Removing dl_timer.o(.ARM.exidx.text.DL_TimerA_saveConfiguration), (8 bytes).
    Removing dl_timer.o(.text.DL_TimerA_restoreConfiguration), (360 bytes).
    Removing dl_timer.o(.ARM.exidx.text.DL_TimerA_restoreConfiguration), (8 bytes).
    Removing dl_timer.o(.text.DL_Timer_configQEIHallInputMode), (40 bytes).
    Removing dl_timer.o(.ARM.exidx.text.DL_Timer_configQEIHallInputMode), (8 bytes).
    Removing dl_timera.o(.text), (0 bytes).
    Removing dl_timerg.o(.text), (0 bytes).
    Removing dl_trng.o(.text), (0 bytes).
    Removing dl_trng.o(.text.DL_TRNG_saveConfiguration), (44 bytes).
    Removing dl_trng.o(.ARM.exidx.text.DL_TRNG_saveConfiguration), (8 bytes).
    Removing dl_trng.o(.text.DL_TRNG_restoreConfiguration), (72 bytes).
    Removing dl_trng.o(.ARM.exidx.text.DL_TRNG_restoreConfiguration), (8 bytes).
    Removing dl_uart.o(.text), (0 bytes).
    Removing dl_uart.o(.text.DL_UART_init), (72 bytes).
    Removing dl_uart.o(.ARM.exidx.text.DL_UART_init), (8 bytes).
    Removing dl_uart.o(.text.DL_UART_setClockConfig), (18 bytes).
    Removing dl_uart.o(.ARM.exidx.text.DL_UART_setClockConfig), (8 bytes).
    Removing dl_uart.o(.text.DL_UART_getClockConfig), (16 bytes).
    Removing dl_uart.o(.ARM.exidx.text.DL_UART_getClockConfig), (8 bytes).
    Removing dl_uart.o(.text.DL_UART_configBaudRate), (132 bytes).
    Removing dl_uart.o(.ARM.exidx.text.DL_UART_configBaudRate), (8 bytes).
    Removing dl_uart.o(.text.DL_UART_configIrDAMode), (40 bytes).
    Removing dl_uart.o(.ARM.exidx.text.DL_UART_configIrDAMode), (8 bytes).
    Removing dl_uart.o(.text.DL_UART_setIrDAPulseLength), (48 bytes).
    Removing dl_uart.o(.ARM.exidx.text.DL_UART_setIrDAPulseLength), (8 bytes).
    Removing dl_uart.o(.text.DL_UART_receiveDataBlocking), (20 bytes).
    Removing dl_uart.o(.ARM.exidx.text.DL_UART_receiveDataBlocking), (8 bytes).
    Removing dl_uart.o(.text.DL_UART_transmitDataBlocking), (20 bytes).
    Removing dl_uart.o(.ARM.exidx.text.DL_UART_transmitDataBlocking), (8 bytes).
    Removing dl_uart.o(.text.DL_UART_receiveDataCheck), (28 bytes).
    Removing dl_uart.o(.ARM.exidx.text.DL_UART_receiveDataCheck), (8 bytes).
    Removing dl_uart.o(.text.DL_UART_transmitDataCheck), (28 bytes).
    Removing dl_uart.o(.ARM.exidx.text.DL_UART_transmitDataCheck), (8 bytes).
    Removing dl_uart.o(.text.DL_UART_drainRXFIFO), (36 bytes).
    Removing dl_uart.o(.ARM.exidx.text.DL_UART_drainRXFIFO), (8 bytes).
    Removing dl_uart.o(.text.DL_UART_fillTXFIFO), (36 bytes).
    Removing dl_uart.o(.ARM.exidx.text.DL_UART_fillTXFIFO), (8 bytes).
    Removing dl_uart.o(.text.DL_UART_Main_saveConfiguration), (112 bytes).
    Removing dl_uart.o(.ARM.exidx.text.DL_UART_Main_saveConfiguration), (8 bytes).
    Removing dl_uart.o(.text.DL_UART_Main_restoreConfiguration), (132 bytes).
    Removing dl_uart.o(.ARM.exidx.text.DL_UART_Main_restoreConfiguration), (8 bytes).
    Removing dl_uart.o(.text.DL_UART_Extend_saveConfiguration), (140 bytes).
    Removing dl_uart.o(.ARM.exidx.text.DL_UART_Extend_saveConfiguration), (8 bytes).
    Removing dl_uart.o(.text.DL_UART_Extend_restoreConfiguration), (168 bytes).
    Removing dl_uart.o(.ARM.exidx.text.DL_UART_Extend_restoreConfiguration), (8 bytes).
    Removing dl_vref.o(.text), (0 bytes).
    Removing dl_vref.o(.text.DL_VREF_configReference), (32 bytes).
    Removing dl_vref.o(.ARM.exidx.text.DL_VREF_configReference), (8 bytes).
    Removing dl_vref.o(.text.DL_VREF_setClockConfig), (18 bytes).
    Removing dl_vref.o(.ARM.exidx.text.DL_VREF_setClockConfig), (8 bytes).
    Removing dl_vref.o(.text.DL_VREF_getClockConfig), (16 bytes).
    Removing dl_vref.o(.ARM.exidx.text.DL_VREF_getClockConfig), (8 bytes).
    Removing dl_wwdt.o(.text), (0 bytes).
    Removing lq_lsm6dsr.o(.text), (0 bytes).
    Removing lq_lsm6dsr.o(.text.LQ_LSM6DSR_CheckDeviceID), (96 bytes).
    Removing lq_lsm6dsr.o(.ARM.exidx.text.LQ_LSM6DSR_CheckDeviceID), (8 bytes).
    Removing lq_lsm6dsr.o(.text.LQ_LSM6DSR_WriteRegister), (18 bytes).
    Removing lq_lsm6dsr.o(.ARM.exidx.text.LQ_LSM6DSR_WriteRegister), (8 bytes).
    Removing lq_lsm6dsr.o(.text.LQ_LSM6DSR_Init), (160 bytes).
    Removing lq_lsm6dsr.o(.ARM.exidx.text.LQ_LSM6DSR_Init), (8 bytes).
    Removing lq_lsm6dsr.o(.text.LQ_LSM6DSR_Read6AxisData), (66 bytes).
    Removing lq_lsm6dsr.o(.ARM.exidx.text.LQ_LSM6DSR_Read6AxisData), (8 bytes).
    Removing lq_lsm6dsr.o(.text.LQ_LSM6DSR_SPI_ReadWriteBytes), (52 bytes).
    Removing lq_lsm6dsr.o(.ARM.exidx.text.LQ_LSM6DSR_SPI_ReadWriteBytes), (8 bytes).
    Removing lq_lsm6dsr.o(.text.LQ_LSM6DSR_SPI_ReadData), (58 bytes).
    Removing lq_lsm6dsr.o(.ARM.exidx.text.LQ_LSM6DSR_SPI_ReadData), (8 bytes).
    Removing lq_oled.o(.text), (0 bytes).
    Removing lq_oled.o(.text.LQ_OLED_ColorTurn), (24 bytes).
    Removing lq_oled.o(.ARM.exidx.text.LQ_OLED_ColorTurn), (8 bytes).
    Removing lq_oled.o(.text.LQ_OLED_WR_Byte), (68 bytes).
    Removing lq_oled.o(.ARM.exidx.text.LQ_OLED_WR_Byte), (8 bytes).
    Removing lq_oled.o(.text.LQ_OLED_DisplayTurn), (38 bytes).
    Removing lq_oled.o(.ARM.exidx.text.LQ_OLED_DisplayTurn), (8 bytes).
    Removing lq_oled.o(.text.LQ_OLED_DisPlay_On), (32 bytes).
    Removing lq_oled.o(.ARM.exidx.text.LQ_OLED_DisPlay_On), (8 bytes).
    Removing lq_oled.o(.text.LQ_OLED_DisPlay_Off), (32 bytes).
    Removing lq_oled.o(.ARM.exidx.text.LQ_OLED_DisPlay_Off), (8 bytes).
    Removing lq_oled.o(.text.LQ_OLED_Refresh), (76 bytes).
    Removing lq_oled.o(.ARM.exidx.text.LQ_OLED_Refresh), (8 bytes).
    Removing lq_oled.o(.text.LQ_OLED_Clear), (44 bytes).
    Removing lq_oled.o(.ARM.exidx.text.LQ_OLED_Clear), (8 bytes).
    Removing lq_oled.o(.text.LQ_OLED_DrawPoint), (40 bytes).
    Removing lq_oled.o(.ARM.exidx.text.LQ_OLED_DrawPoint), (8 bytes).
    Removing lq_oled.o(.text.LQ_OLED_DrawLine), (158 bytes).
    Removing lq_oled.o(.ARM.exidx.text.LQ_OLED_DrawLine), (8 bytes).
    Removing lq_oled.o(.text.LQ_OLED_DrawCircle), (212 bytes).
    Removing lq_oled.o(.ARM.exidx.text.LQ_OLED_DrawCircle), (8 bytes).
    Removing lq_oled.o(.text.LQ_OLED_ShowChar), (188 bytes).
    Removing lq_oled.o(.ARM.exidx.text.LQ_OLED_ShowChar), (8 bytes).
    Removing lq_oled.o(.text.LQ_OLED_ShowString), (82 bytes).
    Removing lq_oled.o(.ARM.exidx.text.LQ_OLED_ShowString), (8 bytes).
    Removing lq_oled.o(.text.LQ_OLED_Pow), (16 bytes).
    Removing lq_oled.o(.ARM.exidx.text.LQ_OLED_Pow), (8 bytes).
    Removing lq_oled.o(.text.LQ_OLED_ShowNum), (94 bytes).
    Removing lq_oled.o(.ARM.exidx.text.LQ_OLED_ShowNum), (8 bytes).
    Removing lq_oled.o(.text.LQ_OLED_ShowChinese), (116 bytes).
    Removing lq_oled.o(.ARM.exidx.text.LQ_OLED_ShowChinese), (8 bytes).
    Removing lq_oled.o(.text.LQ_OLED_ScrollDisplay), (152 bytes).
    Removing lq_oled.o(.ARM.exidx.text.LQ_OLED_ScrollDisplay), (8 bytes).
    Removing lq_oled.o(.text.LQ_OLED_ShowPicture), (164 bytes).
    Removing lq_oled.o(.ARM.exidx.text.LQ_OLED_ShowPicture), (8 bytes).
    Removing lq_oled.o(.text.LQ_OLED_Init), (200 bytes).
    Removing lq_oled.o(.ARM.exidx.text.LQ_OLED_Init), (8 bytes).
    Removing lq_oled.o(.bss.OLED_GRAM), (1152 bytes).
    Removing lq_oled.o(.data.oled_i2c), (3 bytes).
    Removing lq_font.o(.text), (0 bytes).
    Removing lq_font.o(.rodata.asc2_0806), (552 bytes).
    Removing lq_font.o(.rodata.asc2_1206), (1140 bytes).
    Removing lq_font.o(.rodata.Hzk1), (112 bytes).
    Removing lq_servo.o(.text), (0 bytes).
    Removing lq_servo.o(.text.LQ_Servo_Init), (100 bytes).
    Removing lq_servo.o(.ARM.exidx.text.LQ_Servo_Init), (8 bytes).
    Removing lq_servo.o(.text.LQ_Servo_SetDuty), (64 bytes).
    Removing lq_servo.o(.ARM.exidx.text.LQ_Servo_SetDuty), (8 bytes).
    Removing lq_motor.o(.text), (0 bytes).
    Removing lq_motor.o(.text.LQ_Motor_Init), (160 bytes).
    Removing lq_motor.o(.ARM.exidx.text.LQ_Motor_Init), (8 bytes).
    Removing lq_motor.o(.text.LQ_Motor_SetDuty), (80 bytes).
    Removing lq_motor.o(.ARM.exidx.text.LQ_Motor_SetDuty), (8 bytes).
    Removing lq_tracking.o(.text), (0 bytes).
    Removing lq_tracking.o(.text.Tracking_Init), (84 bytes).
    Removing lq_tracking.o(.ARM.exidx.text.Tracking_Init), (8 bytes).
    Removing lq_tracking.o(.text.Tracking_Read), (80 bytes).
    Removing lq_tracking.o(.ARM.exidx.text.Tracking_Read), (8 bytes).
    Removing lq_tracking.o(.text.Tracking_CalculateNormalizedValue), (100 bytes).
    Removing lq_tracking.o(.ARM.exidx.text.Tracking_CalculateNormalizedValue), (8 bytes).
    Removing lq_tracking.o(.rodata.track_output_pins), (5 bytes).
    Removing lq_tracking.o(.bss..L_MergedGlobals), (26 bytes).
    Removing lq_encoder.o(.text), (0 bytes).
    Removing lq_encoder.o(.text.LQ_Encoder_Init), (156 bytes).
    Removing lq_encoder.o(.ARM.exidx.text.LQ_Encoder_Init), (8 bytes).
    Removing lq_encoder.o(.text.LQ_Encoder_TIMER_IRQHandler), (32 bytes).
    Removing lq_encoder.o(.ARM.exidx.text.LQ_Encoder_TIMER_IRQHandler), (8 bytes).
    Removing lq_encoder.o(.ARM.exidx.text.LQ_Encoder_IRQHandlers), (8 bytes).
    Removing lq_pid.o(.text), (0 bytes).
    Removing lq_pid.o(.text.constrain_float), (38 bytes).
    Removing lq_pid.o(.ARM.exidx.text.constrain_float), (8 bytes).
    Removing lq_pid.o(.text.LQ_PID_Init), (10 bytes).
    Removing lq_pid.o(.ARM.exidx.text.LQ_PID_Init), (8 bytes).
    Removing lq_pid.o(.text.LQ_PID_LocCtrl), (84 bytes).
    Removing lq_pid.o(.ARM.exidx.text.LQ_PID_LocCtrl), (8 bytes).
    Removing lq_pid.o(.text.LQ_PID_IncCtrl), (90 bytes).
    Removing lq_pid.o(.ARM.exidx.text.LQ_PID_IncCtrl), (8 bytes).
    Removing lq_pid.o(.text.LQ_PID_CasCtrl), (88 bytes).
    Removing lq_pid.o(.ARM.exidx.text.LQ_PID_CasCtrl), (8 bytes).
    Removing lq_key.o(.text), (0 bytes).
    Removing lq_key.o(.text.LQ_Key_Init), (64 bytes).
    Removing lq_key.o(.ARM.exidx.text.LQ_Key_Init), (8 bytes).
    Removing lq_key.o(.text.LQ_Key_Read), (32 bytes).
    Removing lq_key.o(.ARM.exidx.text.LQ_Key_Read), (8 bytes).
    Removing lq_key.o(.text.LQ_Key_Read_All), (48 bytes).
    Removing lq_key.o(.ARM.exidx.text.LQ_Key_Read_All), (8 bytes).
    Removing lq_key.o(.text.LQ_Key_Scan), (80 bytes).
    Removing lq_key.o(.ARM.exidx.text.LQ_Key_Scan), (8 bytes).
    Removing lq_key.o(.bss.key_time), (10 bytes).
    Removing lq_key.o(.data..L_MergedGlobals), (10 bytes).
    Removing lq_ccd.o(.text), (0 bytes).
    Removing lq_ccd.o(.text.LQ_CCD_Init), (108 bytes).
    Removing lq_ccd.o(.ARM.exidx.text.LQ_CCD_Init), (8 bytes).
    Removing lq_ccd.o(.text.LQ_CCD_Collect), (156 bytes).
    Removing lq_ccd.o(.ARM.exidx.text.LQ_CCD_Collect), (8 bytes).
    Removing lq_ccd.o(.text.LQ_CCD_Binaryzation), (100 bytes).
    Removing lq_ccd.o(.ARM.exidx.text.LQ_CCD_Binaryzation), (8 bytes).
    Removing lq_ccd.o(.text.LQ_CCD_Get_Threshold), (54 bytes).
    Removing lq_ccd.o(.ARM.exidx.text.LQ_CCD_Get_Threshold), (8 bytes).
    Removing lq_ccd.o(.text.LQ_CCD_Get_Error), (196 bytes).
    Removing lq_ccd.o(.ARM.exidx.text.LQ_CCD_Get_Error), (8 bytes).
    Removing lq_ccd.o(.bss.CCD_Bin), (256 bytes).
    Removing lq_adc.o(.text), (0 bytes).
    Removing lq_adc.o(.text.LQ_ADC_Init), (96 bytes).
    Removing lq_adc.o(.ARM.exidx.text.LQ_ADC_Init), (8 bytes).
    Removing lq_adc.o(.text.LQ_ADC_DisableConversions), (24 bytes).
    Removing lq_adc.o(.ARM.exidx.text.LQ_ADC_DisableConversions), (8 bytes).
    Removing lq_adc.o(.text.LQ_ADC_EnableConversions), (24 bytes).
    Removing lq_adc.o(.ARM.exidx.text.LQ_ADC_EnableConversions), (8 bytes).
    Removing lq_adc.o(.text.LQ_ADC_GetValue), (96 bytes).
    Removing lq_adc.o(.ARM.exidx.text.LQ_ADC_GetValue), (8 bytes).
    Removing lq_adc.o(.text.LQ_ADC_StartConversions), (28 bytes).
    Removing lq_adc.o(.ARM.exidx.text.LQ_ADC_StartConversions), (8 bytes).
    Removing lq_adc.o(.text.LQ_ADC_EndConversions), (28 bytes).
    Removing lq_adc.o(.ARM.exidx.text.LQ_ADC_EndConversions), (8 bytes).
    Removing lq_adc.o(.rodata.LQ_ADC_Regs), (8 bytes).
    Removing lq_adc.o(.rodata.LQ_ADC_IRQns), (2 bytes).
    Removing lq_adc.o(.bss.adc_clock), (16 bytes).
    Removing lq_clock.o(.text), (0 bytes).
    Removing lq_clock.o(.ARM.exidx.text.LQ_System_Init), (8 bytes).
    Removing lq_exti.o(.text), (0 bytes).
    Removing lq_exti.o(.text.LQ_EXIT_Init), (132 bytes).
    Removing lq_exti.o(.ARM.exidx.text.LQ_EXIT_Init), (8 bytes).
    Removing lq_exti.o(.text.LQ_EXIT_Enable), (56 bytes).
    Removing lq_exti.o(.ARM.exidx.text.LQ_EXIT_Enable), (8 bytes).
    Removing lq_gpio.o(.text), (0 bytes).
    Removing lq_gpio.o(.text.LQ_GPIO_Init), (96 bytes).
    Removing lq_gpio.o(.ARM.exidx.text.LQ_GPIO_Init), (8 bytes).
    Removing lq_gpio.o(.text.LQ_GPIO_Pin_Init), (20 bytes).
    Removing lq_gpio.o(.ARM.exidx.text.LQ_GPIO_Pin_Init), (8 bytes).
    Removing lq_gpio.o(.text.LQ_GPIO_WritePin), (48 bytes).
    Removing lq_gpio.o(.ARM.exidx.text.LQ_GPIO_WritePin), (8 bytes).
    Removing lq_gpio.o(.text.LQ_GPIO_TogglePin), (40 bytes).
    Removing lq_gpio.o(.ARM.exidx.text.LQ_GPIO_TogglePin), (8 bytes).
    Removing lq_gpio.o(.ARM.exidx.text.LQ_GPIO_ReadPin), (8 bytes).
    Removing lq_spi.o(.text), (0 bytes).
    Removing lq_spi.o(.text.LQ_SPI_Init), (240 bytes).
    Removing lq_spi.o(.ARM.exidx.text.LQ_SPI_Init), (8 bytes).
    Removing lq_spi.o(.text.LQ_SPI_SendByte), (40 bytes).
    Removing lq_spi.o(.ARM.exidx.text.LQ_SPI_SendByte), (8 bytes).
    Removing lq_spi.o(.text.LQ_SPI_RecvByte), (40 bytes).
    Removing lq_spi.o(.ARM.exidx.text.LQ_SPI_RecvByte), (8 bytes).
    Removing lq_spi.o(.text.LQ_SPI_EnableDMA_Recv), (24 bytes).
    Removing lq_spi.o(.ARM.exidx.text.LQ_SPI_EnableDMA_Recv), (8 bytes).
    Removing lq_spi.o(.text.LQ_SPI_EnableDMA_RecvTimeout), (24 bytes).
    Removing lq_spi.o(.ARM.exidx.text.LQ_SPI_EnableDMA_RecvTimeout), (8 bytes).
    Removing lq_spi.o(.text.LQ_SPI_EnableDMA_Send), (24 bytes).
    Removing lq_spi.o(.ARM.exidx.text.LQ_SPI_EnableDMA_Send), (8 bytes).
    Removing lq_spi.o(.text.LQ_SPI_GetRXRegister), (20 bytes).
    Removing lq_spi.o(.ARM.exidx.text.LQ_SPI_GetRXRegister), (8 bytes).
    Removing lq_spi.o(.text.LQ_SPI_GetTXRegister), (20 bytes).
    Removing lq_spi.o(.ARM.exidx.text.LQ_SPI_GetTXRegister), (8 bytes).
    Removing lq_spi.o(.rodata.LQ_SPI_Regs), (8 bytes).
    Removing lq_spi.o(.rodata.LQ_SPI_MAP), (62 bytes).
    Removing lq_time.o(.text), (0 bytes).
    Removing lq_time.o(.text.LQ_TIMER_BaseInit), (172 bytes).
    Removing lq_time.o(.ARM.exidx.text.LQ_TIMER_BaseInit), (8 bytes).
    Removing lq_time.o(.text.LQ_TIMER_SetLoadCallback), (12 bytes).
    Removing lq_time.o(.ARM.exidx.text.LQ_TIMER_SetLoadCallback), (8 bytes).
    Removing lq_time.o(.text.LQ_TIMER_ITConfig), (88 bytes).
    Removing lq_time.o(.ARM.exidx.text.LQ_TIMER_ITConfig), (8 bytes).
    Removing lq_time.o(.text.LQ_TIMER_ITEnable), (28 bytes).
    Removing lq_time.o(.ARM.exidx.text.LQ_TIMER_ITEnable), (8 bytes).
    Removing lq_time.o(.text.LQ_TIMER_Start), (28 bytes).
    Removing lq_time.o(.ARM.exidx.text.LQ_TIMER_Start), (8 bytes).
    Removing lq_time.o(.text.LQ_TIMER_Stop), (28 bytes).
    Removing lq_time.o(.ARM.exidx.text.LQ_TIMER_Stop), (8 bytes).
    Removing lq_time.o(.text.LQ_TIMER_GetCount), (20 bytes).
    Removing lq_time.o(.ARM.exidx.text.LQ_TIMER_GetCount), (8 bytes).
    Removing lq_time.o(.text.LQ_TIMER_SetLoadValue), (20 bytes).
    Removing lq_time.o(.ARM.exidx.text.LQ_TIMER_SetLoadValue), (8 bytes).
    Removing lq_time.o(.text.LQ_TIMER_SetCountValue), (20 bytes).
    Removing lq_time.o(.ARM.exidx.text.LQ_TIMER_SetCountValue), (8 bytes).
    Removing lq_time.o(.rodata.LQ_TIMER_Regs), (28 bytes).
    Removing lq_time.o(.rodata.LQ_TIMER_IRQns), (7 bytes).
    Removing lq_uart.o(.text), (0 bytes).
    Removing lq_uart.o(.ARM.exidx.text.LQ_UART_Init), (8 bytes).
    Removing lq_uart.o(.text.LQ_UART_ITConfig), (88 bytes).
    Removing lq_uart.o(.ARM.exidx.text.LQ_UART_ITConfig), (8 bytes).
    Removing lq_uart.o(.text.LQ_UART_SetRxCallback), (12 bytes).
    Removing lq_uart.o(.ARM.exidx.text.LQ_UART_SetRxCallback), (8 bytes).
    Removing lq_uart.o(.text.LQ_UART_EnableIT), (28 bytes).
    Removing lq_uart.o(.ARM.exidx.text.LQ_UART_EnableIT), (8 bytes).
    Removing lq_uart.o(.text.LQ_UART_DisableIT), (36 bytes).
    Removing lq_uart.o(.ARM.exidx.text.LQ_UART_DisableIT), (8 bytes).
    Removing lq_uart.o(.text.LQ_UART_SendByte), (28 bytes).
    Removing lq_uart.o(.ARM.exidx.text.LQ_UART_SendByte), (8 bytes).
    Removing lq_uart.o(.text.LQ_UART_SendBuffer), (28 bytes).
    Removing lq_uart.o(.ARM.exidx.text.LQ_UART_SendBuffer), (8 bytes).
    Removing lq_uart.o(.text.LQ_UART_IT_RecvByte), (24 bytes).
    Removing lq_uart.o(.ARM.exidx.text.LQ_UART_IT_RecvByte), (8 bytes).
    Removing lq_uart.o(.text.LQ_UART_RecvByte), (32 bytes).
    Removing lq_uart.o(.ARM.exidx.text.LQ_UART_RecvByte), (8 bytes).
    Removing lq_uart.o(.text.LQ_UART_EnableDMAReceive), (24 bytes).
    Removing lq_uart.o(.ARM.exidx.text.LQ_UART_EnableDMAReceive), (8 bytes).
    Removing lq_uart.o(.text.LQ_UART_EnableDMAReceiveTimeout), (24 bytes).
    Removing lq_uart.o(.ARM.exidx.text.LQ_UART_EnableDMAReceiveTimeout), (8 bytes).
    Removing lq_uart.o(.text.LQ_UART_EnableDMATransmit), (24 bytes).
    Removing lq_uart.o(.ARM.exidx.text.LQ_UART_EnableDMATransmit), (8 bytes).
    Removing lq_uart.o(.text.LQ_UART_GetRXRegister), (20 bytes).
    Removing lq_uart.o(.ARM.exidx.text.LQ_UART_GetRXRegister), (8 bytes).
    Removing lq_uart.o(.text.LQ_UART_GetTXRegister), (20 bytes).
    Removing lq_uart.o(.ARM.exidx.text.LQ_UART_GetTXRegister), (8 bytes).
    Removing lq_uart.o(.text.fputc), (16 bytes).
    Removing lq_uart.o(.ARM.exidx.text.fputc), (8 bytes).
    Removing lq_uart.o(.rodata.LQ_UART_IRQns), (16 bytes).
    Removing lq_soft_spi.o(.text), (0 bytes).
    Removing lq_soft_spi.o(.text.LQ_Soft_SPI_Init), (96 bytes).
    Removing lq_soft_spi.o(.ARM.exidx.text.LQ_Soft_SPI_Init), (8 bytes).
    Removing lq_soft_spi.o(.text.LQ_Soft_SPI_ReadByte), (36 bytes).
    Removing lq_soft_spi.o(.ARM.exidx.text.LQ_Soft_SPI_ReadByte), (8 bytes).
    Removing lq_soft_spi.o(.text.LQ_Soft_SPI_ReadWrite), (212 bytes).
    Removing lq_soft_spi.o(.ARM.exidx.text.LQ_Soft_SPI_ReadWrite), (8 bytes).
    Removing lq_soft_spi.o(.text.LQ_Soft_SPI_Read), (86 bytes).
    Removing lq_soft_spi.o(.ARM.exidx.text.LQ_Soft_SPI_Read), (8 bytes).
    Removing lq_soft_spi.o(.text.LQ_Soft_SPI_WriteByte), (28 bytes).
    Removing lq_soft_spi.o(.ARM.exidx.text.LQ_Soft_SPI_WriteByte), (8 bytes).
    Removing lq_soft_spi.o(.text.LQ_Soft_SPI_Write), (88 bytes).
    Removing lq_soft_spi.o(.ARM.exidx.text.LQ_Soft_SPI_Write), (8 bytes).
    Removing lq_soft_i2c.o(.text), (0 bytes).
    Removing lq_soft_i2c.o(.text.LQ_Soft_I2C_Init), (64 bytes).
    Removing lq_soft_i2c.o(.ARM.exidx.text.LQ_Soft_I2C_Init), (8 bytes).
    Removing lq_soft_i2c.o(.text.LQ_Soft_I2C_Start), (56 bytes).
    Removing lq_soft_i2c.o(.ARM.exidx.text.LQ_Soft_I2C_Start), (8 bytes).
    Removing lq_soft_i2c.o(.text.i2c_delay), (10 bytes).
    Removing lq_soft_i2c.o(.ARM.exidx.text.i2c_delay), (8 bytes).
    Removing lq_soft_i2c.o(.text.LQ_Soft_I2C_Stop), (52 bytes).
    Removing lq_soft_i2c.o(.ARM.exidx.text.LQ_Soft_I2C_Stop), (8 bytes).
    Removing lq_soft_i2c.o(.text.LQ_Soft_I2C_Wait_ACK), (84 bytes).
    Removing lq_soft_i2c.o(.ARM.exidx.text.LQ_Soft_I2C_Wait_ACK), (8 bytes).
    Removing lq_soft_i2c.o(.text.LQ_Soft_I2C_ACK), (56 bytes).
    Removing lq_soft_i2c.o(.ARM.exidx.text.LQ_Soft_I2C_ACK), (8 bytes).
    Removing lq_soft_i2c.o(.text.LQ_Soft_I2C_NACK), (56 bytes).
    Removing lq_soft_i2c.o(.ARM.exidx.text.LQ_Soft_I2C_NACK), (8 bytes).
    Removing lq_soft_i2c.o(.text.LQ_Soft_I2C_WriteData), (84 bytes).
    Removing lq_soft_i2c.o(.ARM.exidx.text.LQ_Soft_I2C_WriteData), (8 bytes).
    Removing lq_soft_i2c.o(.text.LQ_Soft_I2C_ReadByte_Internal), (76 bytes).
    Removing lq_soft_i2c.o(.ARM.exidx.text.LQ_Soft_I2C_ReadByte_Internal), (8 bytes).
    Removing lq_soft_i2c.o(.text.LQ_Soft_I2C_RecvByte), (100 bytes).
    Removing lq_soft_i2c.o(.ARM.exidx.text.LQ_Soft_I2C_RecvByte), (8 bytes).
    Removing lq_soft_i2c.o(.text.LQ_Soft_I2C_SendByte), (78 bytes).
    Removing lq_soft_i2c.o(.ARM.exidx.text.LQ_Soft_I2C_SendByte), (8 bytes).
    Removing lq_soft_i2c.o(.text.LQ_Soft_I2C_RecvBuffer), (120 bytes).
    Removing lq_soft_i2c.o(.ARM.exidx.text.LQ_Soft_I2C_RecvBuffer), (8 bytes).
    Removing lq_soft_i2c.o(.text.LQ_Soft_I2C_SendBuffer), (96 bytes).
    Removing lq_soft_i2c.o(.ARM.exidx.text.LQ_Soft_I2C_SendBuffer), (8 bytes).
    Removing lq_dma.o(.text), (0 bytes).
    Removing lq_dma.o(.text.LQ_DMA_Init), (60 bytes).
    Removing lq_dma.o(.ARM.exidx.text.LQ_DMA_Init), (8 bytes).
    Removing lq_dma.o(.text.LQ_DMA_Start), (28 bytes).
    Removing lq_dma.o(.ARM.exidx.text.LQ_DMA_Start), (8 bytes).
    Removing lq_dma.o(.text.LQ_DMA_SetSrcAddr), (12 bytes).
    Removing lq_dma.o(.ARM.exidx.text.LQ_DMA_SetSrcAddr), (8 bytes).
    Removing lq_dma.o(.text.LQ_DMA_SetDstAddr), (12 bytes).
    Removing lq_dma.o(.ARM.exidx.text.LQ_DMA_SetDstAddr), (8 bytes).
    Removing lq_dma.o(.text.LQ_DMA_SetTransferSize), (12 bytes).
    Removing lq_dma.o(.ARM.exidx.text.LQ_DMA_SetTransferSize), (8 bytes).
    Removing lq_dma.o(.text.LQ_DMA_IsEnable), (20 bytes).
    Removing lq_dma.o(.ARM.exidx.text.LQ_DMA_IsEnable), (8 bytes).
    Removing lq_pwm.o(.text), (0 bytes).
    Removing lq_pwm.o(.text.LQ_TIMER_PWMInit), (424 bytes).
    Removing lq_pwm.o(.ARM.exidx.text.LQ_TIMER_PWMInit), (8 bytes).
    Removing lq_pwm.o(.text.LQ_TIMER_EnablePWMChannel), (104 bytes).
    Removing lq_pwm.o(.ARM.exidx.text.LQ_TIMER_EnablePWMChannel), (8 bytes).
    Removing lq_pwm.o(.text.LQ_TIMER_PWM_Start), (28 bytes).
    Removing lq_pwm.o(.ARM.exidx.text.LQ_TIMER_PWM_Start), (8 bytes).
    Removing lq_pwm.o(.text.LQ_TIMER_PWM_Stop), (28 bytes).
    Removing lq_pwm.o(.ARM.exidx.text.LQ_TIMER_PWM_Stop), (8 bytes).
    Removing lq_pwm.o(.text.LQ_TIMER_PWMSetCaptureCompare), (40 bytes).
    Removing lq_pwm.o(.ARM.exidx.text.LQ_TIMER_PWMSetCaptureCompare), (8 bytes).
    Removing lq_pwm.o(.text.LQ_PWM_CalcOptimal), (144 bytes).
    Removing lq_pwm.o(.ARM.exidx.text.LQ_PWM_CalcOptimal), (8 bytes).
    Removing lq_pwm.o(.rodata.LQ_PWM_MAP), (480 bytes).
    Removing lq_utils.o(.text), (0 bytes).
    Removing lq_utils.o(.ARM.exidx.text.delay_us), (8 bytes).
    Removing lq_utils.o(.ARM.exidx.text.delay_ms), (8 bytes).
    Removing fadd.o(.text), (178 bytes).
    Removing fmul.o(.text), (122 bytes).
    Removing fcmplt.o(.text), (28 bytes).
    Removing fcmpgt.o(.text), (28 bytes).
    Removing fflti.o(.text), (22 bytes).
    Removing fepilogue.o(.text), (130 bytes).

982 unused section(s) (total 55001 bytes) removed from the image.

==============================================================================

Image Symbol Table

    Local Symbols

    Symbol Name                              Value     Ov Type        Size  Object(Section)

    ../clib/division.s                       0x00000000   Number         0  aeabi_sdiv.o ABSOLUTE
    ../clib/division.s                       0x00000000   Number         0  aeabi_sdiv_div0.o ABSOLUTE
    ../clib/microlib/division.c              0x00000000   Number         0  uidiv.o ABSOLUTE
    ../clib/microlib/division.c              0x00000000   Number         0  idiv.o ABSOLUTE
    ../clib/microlib/division.c              0x00000000   Number         0  uidiv_div0.o ABSOLUTE
    ../clib/microlib/division.c              0x00000000   Number         0  idiv_div0.o ABSOLUTE
    ../clib/microlib/division.c              0x00000000   Number         0  idiv0.o ABSOLUTE
    ../clib/microlib/init/entry.s            0x00000000   Number         0  entry.o ABSOLUTE
    ../clib/microlib/init/entry.s            0x00000000   Number         0  entry2.o ABSOLUTE
    ../clib/microlib/init/entry.s            0x00000000   Number         0  entry5.o ABSOLUTE
    ../clib/microlib/init/entry.s            0x00000000   Number         0  entry7a.o ABSOLUTE
    ../clib/microlib/init/entry.s            0x00000000   Number         0  entry7b.o ABSOLUTE
    ../clib/microlib/init/entry.s            0x00000000   Number         0  entry8a.o ABSOLUTE
    ../clib/microlib/init/entry.s            0x00000000   Number         0  entry8b.o ABSOLUTE
    ../clib/microlib/init/entry.s            0x00000000   Number         0  entry9a.o ABSOLUTE
    ../clib/microlib/init/entry.s            0x00000000   Number         0  entry9b.o ABSOLUTE
    ../clib/microlib/init/entry.s            0x00000000   Number         0  entry10a.o ABSOLUTE
    ../clib/microlib/init/entry.s            0x00000000   Number         0  entry10b.o ABSOLUTE
    ../clib/microlib/init/entry.s            0x00000000   Number         0  entry11a.o ABSOLUTE
    ../clib/microlib/init/entry.s            0x00000000   Number         0  entry11b.o ABSOLUTE
    ../clib/microlib/longlong.c              0x00000000   Number         0  llshl.o ABSOLUTE
    ../clib/microlib/longlong.c              0x00000000   Number         0  llushr.o ABSOLUTE
    ../clib/microlib/longlong.c              0x00000000   Number         0  llsshr.o ABSOLUTE
    ../clib/microlib/string/memcpy.c         0x00000000   Number         0  memcpya.o ABSOLUTE
    ../clib/microlib/string/memcpy.c         0x00000000   Number         0  memcpyb.o ABSOLUTE
    ../clib/microlib/string/memset.c         0x00000000   Number         0  memseta.o ABSOLUTE
    ../clib/microlib/stubs.s                 0x00000000   Number         0  iusefp.o ABSOLUTE
    ../fplib/microlib/fpadd.c                0x00000000   Number         0  fadd.o ABSOLUTE
    ../fplib/microlib/fpadd.c                0x00000000   Number         0  dadd.o ABSOLUTE
    ../fplib/microlib/fpcmp.c                0x00000000   Number         0  fcmplt.o ABSOLUTE
    ../fplib/microlib/fpcmp.c                0x00000000   Number         0  fcmpgt.o ABSOLUTE
    ../fplib/microlib/fpdiv.c                0x00000000   Number         0  ddiv.o ABSOLUTE
    ../fplib/microlib/fpepilogue.c           0x00000000   Number         0  fepilogue.o ABSOLUTE
    ../fplib/microlib/fpepilogue.c           0x00000000   Number         0  depilogue.o ABSOLUTE
    ../fplib/microlib/fpfix.c                0x00000000   Number         0  dfixui.o ABSOLUTE
    ../fplib/microlib/fpflt.c                0x00000000   Number         0  fflti.o ABSOLUTE
    ../fplib/microlib/fpflt.c                0x00000000   Number         0  dfltui.o ABSOLUTE
    ../fplib/microlib/fpmul.c                0x00000000   Number         0  fmul.o ABSOLUTE
    ../fplib/microlib/fpmul.c                0x00000000   Number         0  dmul.o ABSOLUTE
    ..\User\startup_mspm0g350x_uvision.s     0x00000000   Number         0  startup_mspm0g350x_uvision.o ABSOLUTE
    Hardware.c                               0x00000000   Number         0  hardware.o ABSOLUTE
    LQ_adc.c                                 0x00000000   Number         0  lq_adc.o ABSOLUTE
    LQ_ccd.c                                 0x00000000   Number         0  lq_ccd.o ABSOLUTE
    LQ_clock.c                               0x00000000   Number         0  lq_clock.o ABSOLUTE
    LQ_dma.c                                 0x00000000   Number         0  lq_dma.o ABSOLUTE
    LQ_encoder.c                             0x00000000   Number         0  lq_encoder.o ABSOLUTE
    LQ_exti.c                                0x00000000   Number         0  lq_exti.o ABSOLUTE
    LQ_font.c                                0x00000000   Number         0  lq_font.o ABSOLUTE
    LQ_gpio.c                                0x00000000   Number         0  lq_gpio.o ABSOLUTE
    LQ_isr.c                                 0x00000000   Number         0  lq_isr.o ABSOLUTE
    LQ_key.c                                 0x00000000   Number         0  lq_key.o ABSOLUTE
    LQ_lsm6dsr.c                             0x00000000   Number         0  lq_lsm6dsr.o ABSOLUTE
    LQ_motor.c                               0x00000000   Number         0  lq_motor.o ABSOLUTE
    LQ_oled.c                                0x00000000   Number         0  lq_oled.o ABSOLUTE
    LQ_pid.c                                 0x00000000   Number         0  lq_pid.o ABSOLUTE
    LQ_pwm.c                                 0x00000000   Number         0  lq_pwm.o ABSOLUTE
    LQ_servo.c                               0x00000000   Number         0  lq_servo.o ABSOLUTE
    LQ_soft_i2c.c                            0x00000000   Number         0  lq_soft_i2c.o ABSOLUTE
    LQ_soft_spi.c                            0x00000000   Number         0  lq_soft_spi.o ABSOLUTE
    LQ_spi.c                                 0x00000000   Number         0  lq_spi.o ABSOLUTE
    LQ_time.c                                0x00000000   Number         0  lq_time.o ABSOLUTE
    LQ_tracking.c                            0x00000000   Number         0  lq_tracking.o ABSOLUTE
    LQ_uart.c                                0x00000000   Number         0  lq_uart.o ABSOLUTE
    LQ_utils.c                               0x00000000   Number         0  lq_utils.o ABSOLUTE
    Menu.c                                   0x00000000   Number         0  menu.o ABSOLUTE
    dc.s                                     0x00000000   Number         0  dc.o ABSOLUTE
    dl_adc12.c                               0x00000000   Number         0  dl_adc12.o ABSOLUTE
    dl_aes.c                                 0x00000000   Number         0  dl_aes.o ABSOLUTE
    dl_aesadv.c                              0x00000000   Number         0  dl_aesadv.o ABSOLUTE
    dl_common.c                              0x00000000   Number         0  dl_common.o ABSOLUTE
    dl_comp.c                                0x00000000   Number         0  dl_comp.o ABSOLUTE
    dl_crc.c                                 0x00000000   Number         0  dl_crc.o ABSOLUTE
    dl_crcp.c                                0x00000000   Number         0  dl_crcp.o ABSOLUTE
    dl_dac12.c                               0x00000000   Number         0  dl_dac12.o ABSOLUTE
    dl_dma.c                                 0x00000000   Number         0  dl_dma.o ABSOLUTE
    dl_flashctl.c                            0x00000000   Number         0  dl_flashctl.o ABSOLUTE
    dl_gpamp.c                               0x00000000   Number         0  dl_gpamp.o ABSOLUTE
    dl_gpio.c                                0x00000000   Number         0  dl_gpio.o ABSOLUTE
    dl_i2c.c                                 0x00000000   Number         0  dl_i2c.o ABSOLUTE
    dl_iwdt.c                                0x00000000   Number         0  dl_iwdt.o ABSOLUTE
    dl_keystorectl.c                         0x00000000   Number         0  dl_keystorectl.o ABSOLUTE
    dl_lcd.c                                 0x00000000   Number         0  dl_lcd.o ABSOLUTE
    dl_lfss.c                                0x00000000   Number         0  dl_lfss.o ABSOLUTE
    dl_mathacl.c                             0x00000000   Number         0  dl_mathacl.o ABSOLUTE
    dl_mcan.c                                0x00000000   Number         0  dl_mcan.o ABSOLUTE
    dl_opa.c                                 0x00000000   Number         0  dl_opa.o ABSOLUTE
    dl_rtc.c                                 0x00000000   Number         0  dl_rtc.o ABSOLUTE
    dl_rtc_a.c                               0x00000000   Number         0  dl_rtc_a.o ABSOLUTE
    dl_rtc_b.c                               0x00000000   Number         0  dl_rtc_b.o ABSOLUTE
    dl_rtc_common.c                          0x00000000   Number         0  dl_rtc_common.o ABSOLUTE
    dl_scratchpad.c                          0x00000000   Number         0  dl_scratchpad.o ABSOLUTE
    dl_spi.c                                 0x00000000   Number         0  dl_spi.o ABSOLUTE
    dl_sysctl_mspm0g1x0x_g3x0x.c             0x00000000   Number         0  dl_sysctl_mspm0g1x0x_g3x0x.o ABSOLUTE
    dl_tamperio.c                            0x00000000   Number         0  dl_tamperio.o ABSOLUTE
    dl_timer.c                               0x00000000   Number         0  dl_timer.o ABSOLUTE
    dl_timera.c                              0x00000000   Number         0  dl_timera.o ABSOLUTE
    dl_timerg.c                              0x00000000   Number         0  dl_timerg.o ABSOLUTE
    dl_trng.c                                0x00000000   Number         0  dl_trng.o ABSOLUTE
    dl_uart.c                                0x00000000   Number         0  dl_uart.o ABSOLUTE
    dl_vref.c                                0x00000000   Number         0  dl_vref.o ABSOLUTE
    dl_wwdt.c                                0x00000000   Number         0  dl_wwdt.o ABSOLUTE
    function.c                               0x00000000   Number         0  function.o ABSOLUTE
    handlers.s                               0x00000000   Number         0  handlers.o ABSOLUTE
    init.s                                   0x00000000   Number         0  init.o ABSOLUTE
    main.c                                   0x00000000   Number         0  main.o ABSOLUTE
    RESET                                    0x00000000   Section      192  startup_mspm0g350x_uvision.o(RESET)
    .ARM.Collect$$$$00000000                 0x000000c0   Section        0  entry.o(.ARM.Collect$$$$00000000)
    .ARM.Collect$$$$00000001                 0x000000c0   Section        4  entry2.o(.ARM.Collect$$$$00000001)
    .ARM.Collect$$$$00000004                 0x000000c4   Section        4  entry5.o(.ARM.Collect$$$$00000004)
    .ARM.Collect$$$$00000008                 0x000000c8   Section        0  entry7b.o(.ARM.Collect$$$$00000008)
    .ARM.Collect$$$$0000000A                 0x000000c8   Section        0  entry8b.o(.ARM.Collect$$$$0000000A)
    .ARM.Collect$$$$0000000B                 0x000000c8   Section        8  entry9a.o(.ARM.Collect$$$$0000000B)
    __lit__00000000                          0x000000d0   Data           4  entry2.o(.ARM.Collect$$$$00002712)
    .ARM.Collect$$$$0000000D                 0x000000d0   Section        0  entry10a.o(.ARM.Collect$$$$0000000D)
    .ARM.Collect$$$$0000000F                 0x000000d0   Section        0  entry11a.o(.ARM.Collect$$$$0000000F)
    .ARM.Collect$$$$00002712                 0x000000d0   Section        4  entry2.o(.ARM.Collect$$$$00002712)
    .text                                    0x000000d4   Section       20  startup_mspm0g350x_uvision.o(.text)
    .text                                    0x000000e8   Section        0  memcpya.o(.text)
    .text                                    0x0000010c   Section        0  dadd.o(.text)
    .text                                    0x00000270   Section        0  dmul.o(.text)
    .text                                    0x00000340   Section        0  ddiv.o(.text)
    .text                                    0x00000430   Section        0  dfltui.o(.text)
    .text                                    0x0000044c   Section        0  dfixui.o(.text)
    .text                                    0x00000488   Section        0  uidiv_div0.o(.text)
    .text                                    0x000004c6   Section        0  llshl.o(.text)
    .text                                    0x000004e6   Section        0  llushr.o(.text)
    .text                                    0x00000508   Section        0  llsshr.o(.text)
    .text                                    0x0000052e   Section        0  iusefp.o(.text)
    .text                                    0x0000052e   Section        0  depilogue.o(.text)
    .text                                    0x000005f0   Section       48  init.o(.text)
    [Anonymous Symbol]                       0x00000620   Section        0  lq_isr.o(.text.ADC0_IRQHandler)
    __arm_cp.13_0                            0x00000628   Number         4  lq_isr.o(.text.ADC0_IRQHandler)
    [Anonymous Symbol]                       0x0000062c   Section        0  lq_isr.o(.text.ADC1_IRQHandler)
    __arm_cp.14_0                            0x00000634   Number         4  lq_isr.o(.text.ADC1_IRQHandler)
    [Anonymous Symbol]                       0x00000638   Section        0  dl_common.o(.text.DL_Common_delayCycles)
    [Anonymous Symbol]                       0x00000644   Section        0  dl_sysctl_mspm0g1x0x_g3x0x.o(.text.DL_SYSCTL_configFCC)
    __arm_cp.8_0                             0x0000065c   Number         4  dl_sysctl_mspm0g1x0x_g3x0x.o(.text.DL_SYSCTL_configFCC)
    [Anonymous Symbol]                       0x00000660   Section        0  dl_sysctl_mspm0g1x0x_g3x0x.o(.text.DL_SYSCTL_configSYSPLL)
    __arm_cp.0_0                             0x00000710   Number         4  dl_sysctl_mspm0g1x0x_g3x0x.o(.text.DL_SYSCTL_configSYSPLL)
    __arm_cp.0_2                             0x00000714   Number         4  dl_sysctl_mspm0g1x0x_g3x0x.o(.text.DL_SYSCTL_configSYSPLL)
    __arm_cp.0_3                             0x00000718   Number         4  dl_sysctl_mspm0g1x0x_g3x0x.o(.text.DL_SYSCTL_configSYSPLL)
    __arm_cp.0_4                             0x0000071c   Number         4  dl_sysctl_mspm0g1x0x_g3x0x.o(.text.DL_SYSCTL_configSYSPLL)
    [Anonymous Symbol]                       0x00000720   Section        0  dl_sysctl_mspm0g1x0x_g3x0x.o(.text.DL_SYSCTL_switchMCLKfromSYSOSCtoHSCLK)
    [Anonymous Symbol]                       0x00000740   Section        0  lq_isr.o(.text.DMA_IRQHandler)
    [Anonymous Symbol]                       0x00000742   Section        0  lq_isr.o(.text.GROUP0_IRQHandler)
    [Anonymous Symbol]                       0x0000074a   Section        0  lq_isr.o(.text.GROUP1_IRQHandler)
    [Anonymous Symbol]                       0x00000754   Section        0  lq_encoder.o(.text.LQ_Encoder_IRQHandlers)
    __arm_cp.2_0                             0x000007d0   Number         4  lq_encoder.o(.text.LQ_Encoder_IRQHandlers)
    __arm_cp.2_3                             0x000007d4   Number         4  lq_encoder.o(.text.LQ_Encoder_IRQHandlers)
    __arm_cp.2_4                             0x000007d8   Number         4  lq_encoder.o(.text.LQ_Encoder_IRQHandlers)
    [Anonymous Symbol]                       0x000007dc   Section        0  lq_gpio.o(.text.LQ_GPIO_ReadPin)
    __arm_cp.4_0                             0x000007fc   Number         4  lq_gpio.o(.text.LQ_GPIO_ReadPin)
    __arm_cp.4_1                             0x00000800   Number         4  lq_gpio.o(.text.LQ_GPIO_ReadPin)
    [Anonymous Symbol]                       0x00000804   Section        0  lq_clock.o(.text.LQ_System_Init)
    __arm_cp.0_0                             0x000009c8   Number         4  lq_clock.o(.text.LQ_System_Init)
    __arm_cp.0_1                             0x000009cc   Number         4  lq_clock.o(.text.LQ_System_Init)
    __arm_cp.0_2                             0x000009d0   Number         4  lq_clock.o(.text.LQ_System_Init)
    __arm_cp.0_3                             0x000009d4   Number         4  lq_clock.o(.text.LQ_System_Init)
    __arm_cp.0_4                             0x000009d8   Number         4  lq_clock.o(.text.LQ_System_Init)
    __arm_cp.0_5                             0x000009dc   Number         4  lq_clock.o(.text.LQ_System_Init)
    __arm_cp.0_6                             0x000009e0   Number         4  lq_clock.o(.text.LQ_System_Init)
    __arm_cp.0_7                             0x000009e4   Number         4  lq_clock.o(.text.LQ_System_Init)
    __arm_cp.0_8                             0x000009e8   Number         4  lq_clock.o(.text.LQ_System_Init)
    __arm_cp.0_9                             0x000009ec   Number         4  lq_clock.o(.text.LQ_System_Init)
    __arm_cp.0_10                            0x000009f0   Number         4  lq_clock.o(.text.LQ_System_Init)
    __arm_cp.0_11                            0x000009f4   Number         4  lq_clock.o(.text.LQ_System_Init)
    __arm_cp.0_12                            0x000009f8   Number         4  lq_clock.o(.text.LQ_System_Init)
    __arm_cp.0_13                            0x000009fc   Number         4  lq_clock.o(.text.LQ_System_Init)
    __arm_cp.0_14                            0x00000a00   Number         4  lq_clock.o(.text.LQ_System_Init)
    __arm_cp.0_15                            0x00000a04   Number         4  lq_clock.o(.text.LQ_System_Init)
    __arm_cp.0_16                            0x00000a08   Number         4  lq_clock.o(.text.LQ_System_Init)
    __arm_cp.0_17                            0x00000a0c   Number         4  lq_clock.o(.text.LQ_System_Init)
    __arm_cp.0_18                            0x00000a10   Number         4  lq_clock.o(.text.LQ_System_Init)
    __arm_cp.0_19                            0x00000a14   Number         4  lq_clock.o(.text.LQ_System_Init)
    __arm_cp.0_20                            0x00000a18   Number         4  lq_clock.o(.text.LQ_System_Init)
    __arm_cp.0_21                            0x00000a1c   Number         4  lq_clock.o(.text.LQ_System_Init)
    __arm_cp.0_22                            0x00000a20   Number         4  lq_clock.o(.text.LQ_System_Init)
    __arm_cp.0_23                            0x00000a24   Number         4  lq_clock.o(.text.LQ_System_Init)
    __arm_cp.0_24                            0x00000a28   Number         4  lq_clock.o(.text.LQ_System_Init)
    __arm_cp.0_25                            0x00000a2c   Number         4  lq_clock.o(.text.LQ_System_Init)
    __arm_cp.0_26                            0x00000a30   Number         4  lq_clock.o(.text.LQ_System_Init)
    __arm_cp.0_27                            0x00000a34   Number         4  lq_clock.o(.text.LQ_System_Init)
    [Anonymous Symbol]                       0x00000a4c   Section        0  lq_uart.o(.text.LQ_UART_Init)
    __arm_cp.0_0                             0x00000b64   Number         4  lq_uart.o(.text.LQ_UART_Init)
    __arm_cp.0_1                             0x00000b68   Number         4  lq_uart.o(.text.LQ_UART_Init)
    __arm_cp.0_2                             0x00000b6c   Number         4  lq_uart.o(.text.LQ_UART_Init)
    __arm_cp.0_3                             0x00000b70   Number         4  lq_uart.o(.text.LQ_UART_Init)
    __arm_cp.0_4                             0x00000b74   Number         4  lq_uart.o(.text.LQ_UART_Init)
    __arm_cp.0_5                             0x00000b78   Number         4  lq_uart.o(.text.LQ_UART_Init)
    __arm_cp.0_6                             0x00000b7c   Number         4  lq_uart.o(.text.LQ_UART_Init)
    __arm_cp.0_7                             0x00000b80   Number         4  lq_uart.o(.text.LQ_UART_Init)
    __arm_cp.0_8                             0x00000b84   Number         4  lq_uart.o(.text.LQ_UART_Init)
    __arm_cp.0_9                             0x00000b88   Number         4  lq_uart.o(.text.LQ_UART_Init)
    __arm_cp.0_10                            0x00000b8c   Number         4  lq_uart.o(.text.LQ_UART_Init)
    __arm_cp.0_11                            0x00000b90   Number         4  lq_uart.o(.text.LQ_UART_Init)
    [Anonymous Symbol]                       0x00000b94   Section        0  lq_isr.o(.text.TIMA0_IRQHandler)
    __arm_cp.4_0                             0x00000bac   Number         4  lq_isr.o(.text.TIMA0_IRQHandler)
    [Anonymous Symbol]                       0x00000bb0   Section        0  lq_isr.o(.text.TIMA1_IRQHandler)
    __arm_cp.5_0                             0x00000bc8   Number         4  lq_isr.o(.text.TIMA1_IRQHandler)
    [Anonymous Symbol]                       0x00000bcc   Section        0  lq_isr.o(.text.TIMG0_IRQHandler)
    __arm_cp.6_0                             0x00000be4   Number         4  lq_isr.o(.text.TIMG0_IRQHandler)
    [Anonymous Symbol]                       0x00000be8   Section        0  lq_isr.o(.text.TIMG12_IRQHandler)
    __arm_cp.10_0                            0x00000c00   Number         4  lq_isr.o(.text.TIMG12_IRQHandler)
    [Anonymous Symbol]                       0x00000c04   Section        0  lq_isr.o(.text.TIMG6_IRQHandler)
    __arm_cp.7_0                             0x00000c1c   Number         4  lq_isr.o(.text.TIMG6_IRQHandler)
    [Anonymous Symbol]                       0x00000c20   Section        0  lq_isr.o(.text.TIMG7_IRQHandler)
    __arm_cp.8_0                             0x00000c38   Number         4  lq_isr.o(.text.TIMG7_IRQHandler)
    [Anonymous Symbol]                       0x00000c3c   Section        0  lq_isr.o(.text.TIMG8_IRQHandler)
    __arm_cp.9_0                             0x00000c54   Number         4  lq_isr.o(.text.TIMG8_IRQHandler)
    __arm_cp.9_1                             0x00000c58   Number         4  lq_isr.o(.text.TIMG8_IRQHandler)
    [Anonymous Symbol]                       0x00000c5c   Section        0  lq_isr.o(.text.UART0_IRQHandler)
    __arm_cp.0_0                             0x00000c74   Number         4  lq_isr.o(.text.UART0_IRQHandler)
    [Anonymous Symbol]                       0x00000c78   Section        0  lq_isr.o(.text.UART1_IRQHandler)
    __arm_cp.1_0                             0x00000c90   Number         4  lq_isr.o(.text.UART1_IRQHandler)
    [Anonymous Symbol]                       0x00000c94   Section        0  lq_isr.o(.text.UART2_IRQHandler)
    __arm_cp.2_0                             0x00000cac   Number         4  lq_isr.o(.text.UART2_IRQHandler)
    [Anonymous Symbol]                       0x00000cb0   Section        0  lq_isr.o(.text.UART3_IRQHandler)
    __arm_cp.3_0                             0x00000cc8   Number         4  lq_isr.o(.text.UART3_IRQHandler)
    __arm_cp.3_1                             0x00000ccc   Number         4  lq_isr.o(.text.UART3_IRQHandler)
    [Anonymous Symbol]                       0x00000cd0   Section        0  lq_utils.o(.text.delay_ms)
    __arm_cp.1_0                             0x00000cdc   Number         4  lq_utils.o(.text.delay_ms)
    [Anonymous Symbol]                       0x00000ce0   Section        0  lq_utils.o(.text.delay_us)
    __arm_cp.0_0                             0x00000d0c   Number         4  lq_utils.o(.text.delay_us)
    [Anonymous Symbol]                       0x00000d10   Section        0  main.o(.text.main)
    i.__ARM_clz                              0x00000d1c   Section        0  depilogue.o(i.__ARM_clz)
    i.__scatterload_copy                     0x00000d50   Section       14  handlers.o(i.__scatterload_copy)
    i.__scatterload_null                     0x00000d60   Section        2  handlers.o(i.__scatterload_null)
    i.__scatterload_zeroinit                 0x00000d68   Section       14  handlers.o(i.__scatterload_zeroinit)
    gSYSPLLConfig                            0x00000f00   Data          40  lq_clock.o(.rodata.gSYSPLLConfig)
    [Anonymous Symbol]                       0x00000f00   Section        0  lq_clock.o(.rodata.gSYSPLLConfig)
    LQ_Encoder_cnt                           0x20200008   Data           1  lq_encoder.o(.bss..L_MergedGlobals)
    [Anonymous Symbol]                       0x20200008   Section        0  lq_encoder.o(.bss..L_MergedGlobals)
    LQ_Encoder_fd                            0x2020000c   Data          32  lq_encoder.o(.bss..L_MergedGlobals)
    STACK                                    0x20200058   Section    20480  startup_mspm0g350x_uvision.o(STACK)

    Global Symbols

    Symbol Name                              Value     Ov Type        Size  Object(Section)

    BuildAttributes$$THM_ISAv3M$S$PE$A:L22$X:L11$S22$IEEE1$IW$~IW$USESV6$~STKCKD$USESV7$~SHL$OTIME$ROPI$EBA8$MICROLIB$REQ8$PRES8$EABIv2 0x00000000   Number         0  anon$$obj.o ABSOLUTE
    __Vectors                                0x00000000   Data           4  startup_mspm0g350x_uvision.o(RESET)
    __cpp_initialize__aeabi_                  - Undefined Weak Reference
    __cxa_finalize                            - Undefined Weak Reference
    __decompress                              - Undefined Weak Reference
    _clock_init                               - Undefined Weak Reference
    _microlib_exit                            - Undefined Weak Reference
    __Vectors_End                            0x000000c0   Data           0  startup_mspm0g350x_uvision.o(RESET)
    __Vectors_Size                           0x000000c0   Number         0  startup_mspm0g350x_uvision.o ABSOLUTE
    __main                                   0x000000c1   Thumb Code     0  entry.o(.ARM.Collect$$$$00000000)
    _main_stk                                0x000000c1   Thumb Code     0  entry2.o(.ARM.Collect$$$$00000001)
    _main_scatterload                        0x000000c5   Thumb Code     0  entry5.o(.ARM.Collect$$$$00000004)
    __main_after_scatterload                 0x000000c9   Thumb Code     0  entry5.o(.ARM.Collect$$$$00000004)
    _main_clock                              0x000000c9   Thumb Code     0  entry7b.o(.ARM.Collect$$$$00000008)
    _main_cpp_init                           0x000000c9   Thumb Code     0  entry8b.o(.ARM.Collect$$$$0000000A)
    _main_init                               0x000000c9   Thumb Code     0  entry9a.o(.ARM.Collect$$$$0000000B)
    __rt_final_cpp                           0x000000d1   Thumb Code     0  entry10a.o(.ARM.Collect$$$$0000000D)
    __rt_final_exit                          0x000000d1   Thumb Code     0  entry11a.o(.ARM.Collect$$$$0000000F)
    Reset_Handler                            0x000000d5   Thumb Code     4  startup_mspm0g350x_uvision.o(.text)
    NMI_Handler                              0x000000d9   Thumb Code     2  startup_mspm0g350x_uvision.o(.text)
    HardFault_Handler                        0x000000db   Thumb Code     2  startup_mspm0g350x_uvision.o(.text)
    SVC_Handler                              0x000000dd   Thumb Code     2  startup_mspm0g350x_uvision.o(.text)
    PendSV_Handler                           0x000000df   Thumb Code     2  startup_mspm0g350x_uvision.o(.text)
    SysTick_Handler                          0x000000e1   Thumb Code     2  startup_mspm0g350x_uvision.o(.text)
    AES_IRQHandler                           0x000000e3   Thumb Code     0  startup_mspm0g350x_uvision.o(.text)
    CANFD0_IRQHandler                        0x000000e3   Thumb Code     0  startup_mspm0g350x_uvision.o(.text)
    DAC0_IRQHandler                          0x000000e3   Thumb Code     0  startup_mspm0g350x_uvision.o(.text)
    Default_Handler                          0x000000e3   Thumb Code     2  startup_mspm0g350x_uvision.o(.text)
    I2C0_IRQHandler                          0x000000e3   Thumb Code     0  startup_mspm0g350x_uvision.o(.text)
    I2C1_IRQHandler                          0x000000e3   Thumb Code     0  startup_mspm0g350x_uvision.o(.text)
    RTC_IRQHandler                           0x000000e3   Thumb Code     0  startup_mspm0g350x_uvision.o(.text)
    SPI0_IRQHandler                          0x000000e3   Thumb Code     0  startup_mspm0g350x_uvision.o(.text)
    SPI1_IRQHandler                          0x000000e3   Thumb Code     0  startup_mspm0g350x_uvision.o(.text)
    __aeabi_memcpy                           0x000000e9   Thumb Code    36  memcpya.o(.text)
    __aeabi_memcpy4                          0x000000e9   Thumb Code     0  memcpya.o(.text)
    __aeabi_memcpy8                          0x000000e9   Thumb Code     0  memcpya.o(.text)
    __aeabi_dadd                             0x0000010d   Thumb Code   328  dadd.o(.text)
    __aeabi_dsub                             0x00000255   Thumb Code    12  dadd.o(.text)
    __aeabi_drsub                            0x00000261   Thumb Code    12  dadd.o(.text)
    __aeabi_dmul                             0x00000271   Thumb Code   202  dmul.o(.text)
    __aeabi_ddiv                             0x00000341   Thumb Code   234  ddiv.o(.text)
    __aeabi_ui2d                             0x00000431   Thumb Code    24  dfltui.o(.text)
    __aeabi_d2uiz                            0x0000044d   Thumb Code    50  dfixui.o(.text)
    __aeabi_uidiv                            0x00000489   Thumb Code     0  uidiv_div0.o(.text)
    __aeabi_uidivmod                         0x00000489   Thumb Code    62  uidiv_div0.o(.text)
    __aeabi_llsl                             0x000004c7   Thumb Code    32  llshl.o(.text)
    _ll_shift_l                              0x000004c7   Thumb Code     0  llshl.o(.text)
    __aeabi_llsr                             0x000004e7   Thumb Code    34  llushr.o(.text)
    _ll_ushift_r                             0x000004e7   Thumb Code     0  llushr.o(.text)
    __aeabi_lasr                             0x00000509   Thumb Code    38  llsshr.o(.text)
    _ll_sshift_r                             0x00000509   Thumb Code     0  llsshr.o(.text)
    __I$use$fp                               0x0000052f   Thumb Code     0  iusefp.o(.text)
    _double_round                            0x0000052f   Thumb Code    26  depilogue.o(.text)
    _double_epilogue                         0x00000549   Thumb Code   164  depilogue.o(.text)
    __scatterload                            0x000005f1   Thumb Code    38  init.o(.text)
    __scatterload_rt2                        0x000005f1   Thumb Code     0  init.o(.text)
    ADC0_IRQHandler                          0x00000621   Thumb Code     8  lq_isr.o(.text.ADC0_IRQHandler)
    ADC1_IRQHandler                          0x0000062d   Thumb Code     8  lq_isr.o(.text.ADC1_IRQHandler)
    DL_Common_delayCycles                    0x00000639   Thumb Code    10  dl_common.o(.text.DL_Common_delayCycles)
    DL_SYSCTL_configFCC                      0x00000645   Thumb Code    24  dl_sysctl_mspm0g1x0x_g3x0x.o(.text.DL_SYSCTL_configFCC)
    DL_SYSCTL_configSYSPLL                   0x00000661   Thumb Code   176  dl_sysctl_mspm0g1x0x_g3x0x.o(.text.DL_SYSCTL_configSYSPLL)
    DL_SYSCTL_switchMCLKfromSYSOSCtoHSCLK    0x00000721   Thumb Code    32  dl_sysctl_mspm0g1x0x_g3x0x.o(.text.DL_SYSCTL_switchMCLKfromSYSOSCtoHSCLK)
    DMA_IRQHandler                           0x00000741   Thumb Code     2  lq_isr.o(.text.DMA_IRQHandler)
    GROUP0_IRQHandler                        0x00000743   Thumb Code     8  lq_isr.o(.text.GROUP0_IRQHandler)
    GROUP1_IRQHandler                        0x0000074b   Thumb Code     8  lq_isr.o(.text.GROUP1_IRQHandler)
    LQ_Encoder_IRQHandlers                   0x00000755   Thumb Code   124  lq_encoder.o(.text.LQ_Encoder_IRQHandlers)
    LQ_GPIO_ReadPin                          0x000007dd   Thumb Code    32  lq_gpio.o(.text.LQ_GPIO_ReadPin)
    LQ_System_Init                           0x00000805   Thumb Code   584  lq_clock.o(.text.LQ_System_Init)
    LQ_UART_Init                             0x00000a4d   Thumb Code   280  lq_uart.o(.text.LQ_UART_Init)
    TIMA0_IRQHandler                         0x00000b95   Thumb Code    24  lq_isr.o(.text.TIMA0_IRQHandler)
    TIMA1_IRQHandler                         0x00000bb1   Thumb Code    24  lq_isr.o(.text.TIMA1_IRQHandler)
    TIMG0_IRQHandler                         0x00000bcd   Thumb Code    24  lq_isr.o(.text.TIMG0_IRQHandler)
    TIMG12_IRQHandler                        0x00000be9   Thumb Code    24  lq_isr.o(.text.TIMG12_IRQHandler)
    TIMG6_IRQHandler                         0x00000c05   Thumb Code    24  lq_isr.o(.text.TIMG6_IRQHandler)
    TIMG7_IRQHandler                         0x00000c21   Thumb Code    24  lq_isr.o(.text.TIMG7_IRQHandler)
    TIMG8_IRQHandler                         0x00000c3d   Thumb Code    24  lq_isr.o(.text.TIMG8_IRQHandler)
    UART0_IRQHandler                         0x00000c5d   Thumb Code    24  lq_isr.o(.text.UART0_IRQHandler)
    UART1_IRQHandler                         0x00000c79   Thumb Code    24  lq_isr.o(.text.UART1_IRQHandler)
    UART2_IRQHandler                         0x00000c95   Thumb Code    24  lq_isr.o(.text.UART2_IRQHandler)
    UART3_IRQHandler                         0x00000cb1   Thumb Code    24  lq_isr.o(.text.UART3_IRQHandler)
    delay_ms                                 0x00000cd1   Thumb Code    12  lq_utils.o(.text.delay_ms)
    delay_us                                 0x00000ce1   Thumb Code    44  lq_utils.o(.text.delay_us)
    main                                     0x00000d11   Thumb Code    12  main.o(.text.main)
    __ARM_clz                                0x00000d1d   Thumb Code    46  depilogue.o(i.__ARM_clz)
    __scatterload_copy                       0x00000d51   Thumb Code    14  handlers.o(i.__scatterload_copy)
    __scatterload_null                       0x00000d61   Thumb Code     2  handlers.o(i.__scatterload_null)
    __scatterload_zeroinit                   0x00000d69   Thumb Code    14  handlers.o(i.__scatterload_zeroinit)
    LQ_GPIO_MAP                              0x00000d76   Data         120  lq_gpio.o(.rodata.LQ_GPIO_MAP)
    LQ_UART_MAP                              0x00000df0   Data         256  lq_uart.o(.rodata.LQ_UART_MAP)
    LQ_UART_Regs                             0x00000ef0   Data          16  lq_uart.o(.rodata.LQ_UART_Regs)
    Region$$Table$$Base                      0x00000f28   Number         0  anon$$obj.o(Region$$Table)
    Region$$Table$$Limit                     0x00000f48   Number         0  anon$$obj.o(Region$$Table)
    LQ_GPIO_Regs                             0x20200000   Data           8  lq_gpio.o(.data.LQ_GPIO_Regs)
    LQ_TIM_IT_CallBack                       0x2020002c   Data          28  lq_time.o(.bss.LQ_TIM_IT_CallBack)
    LQ_UART_IT_CallBack                      0x20200048   Data          16  lq_uart.o(.bss.LQ_UART_IT_CallBack)
    __initial_sp                             0x20205058   Data           0  startup_mspm0g350x_uvision.o(STACK)



==============================================================================

Memory Map of the image

  Image Entry point : 0x000000c1

  Load Region LR_IROM1 (Base: 0x00000000, Size: 0x00000f50, Max: 0x00020000, ABSOLUTE)

    Execution Region ER_IROM1 (Exec base: 0x00000000, Load base: 0x00000000, Size: 0x00000f48, Max: 0x00020000, ABSOLUTE)

    Exec Addr    Load Addr    Size         Type   Attr      Idx    E Section Name        Object

    0x00000000   0x00000000   0x000000c0   Data   RO           15    RESET               startup_mspm0g350x_uvision.o
    0x000000c0   0x000000c0   0x00000000   Code   RO         1305  * .ARM.Collect$$$$00000000  mc_p.l(entry.o)
    0x000000c0   0x000000c0   0x00000004   Code   RO         1340    .ARM.Collect$$$$00000001  mc_p.l(entry2.o)
    0x000000c4   0x000000c4   0x00000004   Code   RO         1343    .ARM.Collect$$$$00000004  mc_p.l(entry5.o)
    0x000000c8   0x000000c8   0x00000000   Code   RO         1345    .ARM.Collect$$$$00000008  mc_p.l(entry7b.o)
    0x000000c8   0x000000c8   0x00000000   Code   RO         1347    .ARM.Collect$$$$0000000A  mc_p.l(entry8b.o)
    0x000000c8   0x000000c8   0x00000008   Code   RO         1348    .ARM.Collect$$$$0000000B  mc_p.l(entry9a.o)
    0x000000d0   0x000000d0   0x00000000   Code   RO         1350    .ARM.Collect$$$$0000000D  mc_p.l(entry10a.o)
    0x000000d0   0x000000d0   0x00000000   Code   RO         1352    .ARM.Collect$$$$0000000F  mc_p.l(entry11a.o)
    0x000000d0   0x000000d0   0x00000004   Code   RO         1341    .ARM.Collect$$$$00002712  mc_p.l(entry2.o)
    0x000000d4   0x000000d4   0x00000014   Code   RO           16    .text               startup_mspm0g350x_uvision.o
    0x000000e8   0x000000e8   0x00000024   Code   RO         1314    .text               mc_p.l(memcpya.o)
    0x0000010c   0x0000010c   0x00000164   Code   RO         1324    .text               mf_p.l(dadd.o)
    0x00000270   0x00000270   0x000000d0   Code   RO         1326    .text               mf_p.l(dmul.o)
    0x00000340   0x00000340   0x000000f0   Code   RO         1328    .text               mf_p.l(ddiv.o)
    0x00000430   0x00000430   0x0000001c   Code   RO         1336    .text               mf_p.l(dfltui.o)
    0x0000044c   0x0000044c   0x0000003c   Code   RO         1338    .text               mf_p.l(dfixui.o)
    0x00000488   0x00000488   0x0000003e   Code   RO         1356    .text               mc_p.l(uidiv_div0.o)
    0x000004c6   0x000004c6   0x00000020   Code   RO         1362    .text               mc_p.l(llshl.o)
    0x000004e6   0x000004e6   0x00000022   Code   RO         1364    .text               mc_p.l(llushr.o)
    0x00000508   0x00000508   0x00000026   Code   RO         1366    .text               mc_p.l(llsshr.o)
    0x0000052e   0x0000052e   0x00000000   Code   RO         1368    .text               mc_p.l(iusefp.o)
    0x0000052e   0x0000052e   0x000000be   Code   RO         1371    .text               mf_p.l(depilogue.o)
    0x000005ec   0x000005ec   0x00000004   PAD
    0x000005f0   0x000005f0   0x00000030   Code   RO         1375    .text               mc_p.l(init.o)
    0x00000620   0x00000620   0x0000000c   Code   RO           81    .text.ADC0_IRQHandler  lq_isr.o
    0x0000062c   0x0000062c   0x0000000c   Code   RO           83    .text.ADC1_IRQHandler  lq_isr.o
    0x00000638   0x00000638   0x0000000a   Code   RO          145    .text.DL_Common_delayCycles  dl_common.o
    0x00000642   0x00000642   0x00000002   PAD
    0x00000644   0x00000644   0x0000001c   Code   RO           39    .text.DL_SYSCTL_configFCC  dl_sysctl_mspm0g1x0x_g3x0x.o
    0x00000660   0x00000660   0x000000c0   Code   RO           23    .text.DL_SYSCTL_configSYSPLL  dl_sysctl_mspm0g1x0x_g3x0x.o
    0x00000720   0x00000720   0x00000020   Code   RO           31    .text.DL_SYSCTL_switchMCLKfromSYSOSCtoHSCLK  dl_sysctl_mspm0g1x0x_g3x0x.o
    0x00000740   0x00000740   0x00000002   Code   RO           85    .text.DMA_IRQHandler  lq_isr.o
    0x00000742   0x00000742   0x00000008   Code   RO           77    .text.GROUP0_IRQHandler  lq_isr.o
    0x0000074a   0x0000074a   0x00000008   Code   RO           79    .text.GROUP1_IRQHandler  lq_isr.o
    0x00000752   0x00000752   0x00000002   PAD
    0x00000754   0x00000754   0x00000088   Code   RO          971    .text.LQ_Encoder_IRQHandlers  lq_encoder.o
    0x000007dc   0x000007dc   0x00000028   Code   RO         1090    .text.LQ_GPIO_ReadPin  lq_gpio.o
    0x00000804   0x00000804   0x00000248   Code   RO         1060    .text.LQ_System_Init  lq_clock.o
    0x00000a4c   0x00000a4c   0x00000148   Code   RO         1157    .text.LQ_UART_Init  lq_uart.o
    0x00000b94   0x00000b94   0x0000001c   Code   RO           63    .text.TIMA0_IRQHandler  lq_isr.o
    0x00000bb0   0x00000bb0   0x0000001c   Code   RO           65    .text.TIMA1_IRQHandler  lq_isr.o
    0x00000bcc   0x00000bcc   0x0000001c   Code   RO           67    .text.TIMG0_IRQHandler  lq_isr.o
    0x00000be8   0x00000be8   0x0000001c   Code   RO           75    .text.TIMG12_IRQHandler  lq_isr.o
    0x00000c04   0x00000c04   0x0000001c   Code   RO           69    .text.TIMG6_IRQHandler  lq_isr.o
    0x00000c20   0x00000c20   0x0000001c   Code   RO           71    .text.TIMG7_IRQHandler  lq_isr.o
    0x00000c3c   0x00000c3c   0x00000020   Code   RO           73    .text.TIMG8_IRQHandler  lq_isr.o
    0x00000c5c   0x00000c5c   0x0000001c   Code   RO           55    .text.UART0_IRQHandler  lq_isr.o
    0x00000c78   0x00000c78   0x0000001c   Code   RO           57    .text.UART1_IRQHandler  lq_isr.o
    0x00000c94   0x00000c94   0x0000001c   Code   RO           59    .text.UART2_IRQHandler  lq_isr.o
    0x00000cb0   0x00000cb0   0x00000020   Code   RO           61    .text.UART3_IRQHandler  lq_isr.o
    0x00000cd0   0x00000cd0   0x00000010   Code   RO         1296    .text.delay_ms      lq_utils.o
    0x00000ce0   0x00000ce0   0x00000030   Code   RO         1294    .text.delay_us      lq_utils.o
    0x00000d10   0x00000d10   0x0000000c   Code   RO            5    .text.main          main.o
    0x00000d1c   0x00000d1c   0x0000002e   Code   RO         1373    i.__ARM_clz         mf_p.l(depilogue.o)
    0x00000d4a   0x00000d4a   0x00000006   PAD
    0x00000d50   0x00000d50   0x0000000e   Code   RO         1379    i.__scatterload_copy  mc_p.l(handlers.o)
    0x00000d5e   0x00000d5e   0x00000002   PAD
    0x00000d60   0x00000d60   0x00000002   Code   RO         1380    i.__scatterload_null  mc_p.l(handlers.o)
    0x00000d62   0x00000d62   0x00000006   PAD
    0x00000d68   0x00000d68   0x0000000e   Code   RO         1381    i.__scatterload_zeroinit  mc_p.l(handlers.o)
    0x00000d76   0x00000d76   0x00000078   Data   RO         1093    .rodata.LQ_GPIO_MAP  lq_gpio.o
    0x00000dee   0x00000dee   0x00000002   PAD
    0x00000df0   0x00000df0   0x00000100   Data   RO         1189    .rodata.LQ_UART_MAP  lq_uart.o
    0x00000ef0   0x00000ef0   0x00000010   Data   RO         1188    .rodata.LQ_UART_Regs  lq_uart.o
    0x00000f00   0x00000f00   0x00000028   Data   RO         1062    .rodata.gSYSPLLConfig  lq_clock.o
    0x00000f28   0x00000f28   0x00000020   Data   RO         1378    Region$$Table       anon$$obj.o


    Execution Region RW_IRAM2 (Exec base: 0x20200000, Load base: 0x00000f48, Size: 0x00005058, Max: 0x00008000, ABSOLUTE)

    Exec Addr    Load Addr    Size         Type   Attr      Idx    E Section Name        Object

    0x20200000   0x00000f48   0x00000008   Data   RW         1092    .data.LQ_GPIO_Regs  lq_gpio.o
    0x20200008        -       0x00000024   Zero   RW          973    .bss..L_MergedGlobals  lq_encoder.o
    0x2020002c        -       0x0000001c   Zero   RW         1146    .bss.LQ_TIM_IT_CallBack  lq_time.o
    0x20200048        -       0x00000010   Zero   RW         1187    .bss.LQ_UART_IT_CallBack  lq_uart.o
    0x20200058        -       0x00005000   Zero   RW           13    STACK               startup_mspm0g350x_uvision.o



  Load Region LR_BCR (Base: 0x41c00000, Size: 0x00000000, Max: 0x00000100, ABSOLUTE)

    Execution Region BCR_CONFIG (Exec base: 0x41c00000, Load base: 0x41c00000, Size: 0x00000000, Max: 0x000000ff, ABSOLUTE)

    **** No section assigned to this execution region ****



  Load Region LR_BSL (Base: 0x41c00100, Size: 0x00000000, Max: 0x00000100, ABSOLUTE)

    Execution Region BSL_CONFIG (Exec base: 0x41c00100, Load base: 0x41c00100, Size: 0x00000000, Max: 0x00000080, ABSOLUTE)

    **** No section assigned to this execution region ****


==============================================================================

Image component sizes


      Code (inc. data)   RO Data    RW Data    ZI Data      Debug   Object Name

        10          0          0          0          0        607   dl_common.o
       252         20          0          0          0      12480   dl_sysctl_mspm0g1x0x_g3x0x.o
       584        132         40          0          0      22170   lq_clock.o
       136         12          0          0         36       7745   lq_encoder.o
        40          8        120          8          0       6474   lq_gpio.o
       358         60          0          0          0      10612   lq_isr.o
         0          0          0          0         28      10391   lq_time.o
       328         48        272          0         16      12907   lq_uart.o
        64          8          0          0          0       1398   lq_utils.o
        12          0          0          0          0        401   main.o
        20          4        192          0      20480        636   startup_mspm0g350x_uvision.o

    ----------------------------------------------------------------------
      1808        292        658          8      20560      85821   Object Totals
         0          0         32          0          0          0   (incl. Generated)
         4          0          2          0          0          0   (incl. Padding)

    ----------------------------------------------------------------------

      Code (inc. data)   RO Data    RW Data    ZI Data      Debug   Library Member Name

         0          0          0          0          0          0   entry.o
         0          0          0          0          0          0   entry10a.o
         0          0          0          0          0          0   entry11a.o
         8          4          0          0          0          0   entry2.o
         4          0          0          0          0          0   entry5.o
         0          0          0          0          0          0   entry7b.o
         0          0          0          0          0          0   entry8b.o
         8          4          0          0          0          0   entry9a.o
        30          0          0          0          0          0   handlers.o
        48         10          0          0          0         68   init.o
         0          0          0          0          0          0   iusefp.o
        32          0          0          0          0         68   llshl.o
        38          0          0          0          0         68   llsshr.o
        34          0          0          0          0         68   llushr.o
        36          0          0          0          0         60   memcpya.o
        62          0          0          0          0         72   uidiv_div0.o
       356          4          0          0          0        140   dadd.o
       240          6          0          0          0         84   ddiv.o
       236          0          0          0          0        216   depilogue.o
        60         10          0          0          0         68   dfixui.o
        28          4          0          0          0         68   dfltui.o
       208          6          0          0          0         88   dmul.o

    ----------------------------------------------------------------------
      1446         48          0          0          0       1068   Library Totals
        18          0          0          0          0          0   (incl. Padding)

    ----------------------------------------------------------------------

      Code (inc. data)   RO Data    RW Data    ZI Data      Debug   Library Name

       300         18          0          0          0        404   mc_p.l
      1128         30          0          0          0        664   mf_p.l

    ----------------------------------------------------------------------
      1446         48          0          0          0       1068   Library Totals

    ----------------------------------------------------------------------

==============================================================================


      Code (inc. data)   RO Data    RW Data    ZI Data      Debug   

      3254        340        658          8      20560      86397   Grand Totals
      3254        340        658          8      20560      86397   ELF Image Totals
      3254        340        658          8          0          0   ROM Totals

==============================================================================

    Total RO  Size (Code + RO Data)                 3912 (   3.82kB)
    Total RW  Size (RW Data + ZI Data)             20568 (  20.09kB)
    Total ROM Size (Code + RO Data + RW Data)       3920 (   3.83kB)

==============================================================================

